MPLINK 5.00, LINKER
Linker Map File - Created Wed Nov 07 19:10:35 2018

                                 Section Info
                  Section       Type    Address   Location Size(Bytes)
                ---------  ---------  ---------  ---------  ---------
               _entry_scn       code   0x000000    program   0x000006
               highVector       code   0x000008    program   0x00000c
                lowVector       code   0x000018    program   0x000006
                   .cinit    romdata   0x00002a    program   0x00000e
          .code_ucos_ii.o       code   0x000038    program   0x003e32
              .code_pow.o       code   0x003e6a    program   0x000b1e
      .code_code_lab2_1.o       code   0x004988    program   0x000918
                     PROG       code   0x0052a0    program   0x000632
              .code_exp.o       code   0x0058d2    program   0x0005c6
         .code_os_cpu_c.o       code   0x005e98    program   0x000532
              .code_log.o       code   0x0063ca    program   0x0004fa
            .code_fchop.o       code   0x0068c4    program   0x000292
            .code_ldexp.o       code   0x006b56    program   0x000138
            .code_frexp.o       code   0x006c8e    program   0x000124
         .code_UnpkMath.o       code   0x006db2    program   0x00011c
         .code_PackMath.o       code   0x006ece    program   0x00011a
         .code_openxlcd.o       code   0x006fe8    program   0x0000e0
               _cinit_scn       code   0x0070c8    program   0x00009e
          .code_fxm3232.o       code   0x007166    program   0x000070
         .code_putrxlcd.o       code   0x0071d6    program   0x00006a
             .code_fabs.o       code   0x007240    program   0x000066
         .code_setddram.o       code   0x0072a6    program   0x000052
         .code_setcgram.o       code   0x0072f8    program   0x000052
         .code_writdata.o       code   0x00734a    program   0x000050
         .code_wcmdxlcd.o       code   0x00739a    program   0x000050
         .code_putsxlcd.o       code   0x0073ea    program   0x00004e
         .code_fxd3232u.o       code   0x007438    program   0x000048
         .code_readdata.o       code   0x007480    program   0x000046
         .code_readaddr.o       code   0x0074c6    program   0x000046
         .code_busyxlcd.o       code   0x00750c    program   0x00003e
             D10KTCYXCODE       code   0x00754a    program   0x00002e
         .code_fxd1616u.o       code   0x007578    program   0x00002c
          .code_vectors.o       code   0x0075a4    program   0x000026
              D1KTCYXCODE       code   0x0075ca    program   0x000020
                    .code       code   0x0075ea    program   0x000020
             _startup_scn       code   0x00760a    program   0x00001c
              D10TCYXCODE       code   0x007626    program   0x000016
             .stringtable    romdata   0x00763c    program   0x000011
           .idata_pow.o_i    romdata   0x00764d    program   0x000000
        .romdata___init.o    romdata   0x00764d    program   0x000000
        .idata___init.o_i    romdata   0x00764d    program   0x000000
       .romdata_fxm3232.o    romdata   0x00764d    program   0x000000
       .idata_fxm3232.o_i    romdata   0x00764d    program   0x000000
           .romdata_pow.o    romdata   0x00764d    program   0x000000
      .romdata_fxd3232u.o    romdata   0x00764d    program   0x000000
           .romdata_log.o    romdata   0x00764d    program   0x000000
           .idata_log.o_i    romdata   0x00764d    program   0x000000
         .romdata_ldexp.o    romdata   0x00764d    program   0x000000
         .idata_ldexp.o_i    romdata   0x00764d    program   0x000000
         .romdata_frexp.o    romdata   0x00764d    program   0x000000
         .idata_frexp.o_i    romdata   0x00764d    program   0x000000
          .romdata_fabs.o    romdata   0x00764d    program   0x000000
          .idata_fabs.o_i    romdata   0x00764d    program   0x000000
           .romdata_exp.o    romdata   0x00764d    program   0x000000
           .idata_exp.o_i    romdata   0x00764d    program   0x000000
         .romdata_errno.o    romdata   0x00764d    program   0x000000
         .idata_errno.o_i    romdata   0x00764d    program   0x000000
      .romdata_PackMath.o    romdata   0x00764d    program   0x000000
      .idata_PackMath.o_i    romdata   0x00764d    program   0x000000
         .romdata_fchop.o    romdata   0x00764d    program   0x000000
         .idata_fchop.o_i    romdata   0x00764d    program   0x000000
      .romdata_UnpkMath.o    romdata   0x00764d    program   0x000000
      .idata_UnpkMath.o_i    romdata   0x00764d    program   0x000000
      .romdata_wcmdxlcd.o    romdata   0x00764d    program   0x000000
      .idata_wcmdxlcd.o_i    romdata   0x00764d    program   0x000000
      .romdata_setddram.o    romdata   0x00764d    program   0x000000
      .idata_setddram.o_i    romdata   0x00764d    program   0x000000
      .romdata_setcgram.o    romdata   0x00764d    program   0x000000
      .idata_setcgram.o_i    romdata   0x00764d    program   0x000000
      .romdata_readdata.o    romdata   0x00764d    program   0x000000
      .idata_readdata.o_i    romdata   0x00764d    program   0x000000
      .romdata_readaddr.o    romdata   0x00764d    program   0x000000
      .idata_readaddr.o_i    romdata   0x00764d    program   0x000000
      .romdata_putsxlcd.o    romdata   0x00764d    program   0x000000
      .idata_putsxlcd.o_i    romdata   0x00764d    program   0x000000
      .romdata_putrxlcd.o    romdata   0x00764d    program   0x000000
      .idata_putrxlcd.o_i    romdata   0x00764d    program   0x000000
      .romdata_busyxlcd.o    romdata   0x00764d    program   0x000000
      .idata_busyxlcd.o_i    romdata   0x00764d    program   0x000000
         .romdata_c018i.o    romdata   0x00764d    program   0x000000
         .idata_c018i.o_i    romdata   0x00764d    program   0x000000
      .idata_fxd3232u.o_i    romdata   0x00764d    program   0x000000
      .romdata_fxd1616u.o    romdata   0x00764d    program   0x000000
      .idata_fxd1616u.o_i    romdata   0x00764d    program   0x000000
   .romdata_code_lab2_1.o    romdata   0x00764d    program   0x000000
   .idata_code_lab2_1.o_i    romdata   0x00764d    program   0x000000
       .romdata_vectors.o    romdata   0x00764d    program   0x000000
       .idata_vectors.o_i    romdata   0x00764d    program   0x000000
       .romdata_ucos_ii.o    romdata   0x00764d    program   0x000000
      .romdata_os_cpu_c.o    romdata   0x00764d    program   0x000000
      .idata_os_cpu_c.o_i    romdata   0x00764d    program   0x000000
      .romdata_openxlcd.o    romdata   0x00764d    program   0x000000
      .idata_openxlcd.o_i    romdata   0x00764d    program   0x000000
      .romdata_writdata.o    romdata   0x00764d    program   0x000000
      .idata_writdata.o_i    romdata   0x00764d    program   0x000000
            .code_errno.o       code   0x00764e    program   0x000000
           .code___init.o       code   0x00764e    program   0x000002
            .code_c018i.o       code   0x00764e    program   0x000000
       .idata_ucos_ii.o_i    romdata   0x007650    program   0x000172
.config_300001_code_lab2_1.o    romdata   0x300001    program   0x000001
.config_300003_code_lab2_1.o    romdata   0x300003    program   0x000001
.config_300006_code_lab2_1.o    romdata   0x300006    program   0x000001
                 .tmpdata      udata   0x000000       data   0x000020
                MATH_DATA      udata   0x000020       data   0x000014
                DELAYDAT2      udata   0x000034       data   0x000001
                DELAYDAT1      udata   0x000035       data   0x000001
                   .stack      udata   0x000080       data   0x000030
         .udata_ucos_ii.o      udata   0x0000b0       data   0x000261
         .idata_ucos_ii.o      idata   0x000311       data   0x000172
     .udata_code_lab2_1.o      udata   0x000483       data   0x000064
           .udata_c018i.o      udata   0x0004e7       data   0x00000a
           .udata_errno.o      udata   0x0004f1       data   0x000002
        .idata_fxd1616u.o      idata   0x0004f3       data   0x000000
        .udata_fxd3232u.o      udata   0x0004f3       data   0x000000
        .idata_fxd3232u.o      idata   0x0004f3       data   0x000000
         .udata_fxm3232.o      udata   0x0004f3       data   0x000000
         .idata_fxm3232.o      idata   0x0004f3       data   0x000000
          .udata___init.o      udata   0x0004f3       data   0x000000
          .idata___init.o      idata   0x0004f3       data   0x000000
             .udata_pow.o      udata   0x0004f3       data   0x000000
             .idata_pow.o      idata   0x0004f3       data   0x000000
        .udata_UnpkMath.o      udata   0x0004f3       data   0x000000
        .idata_UnpkMath.o      idata   0x0004f3       data   0x000000
           .udata_fchop.o      udata   0x0004f3       data   0x000000
           .idata_fchop.o      idata   0x0004f3       data   0x000000
        .udata_PackMath.o      udata   0x0004f3       data   0x000000
        .idata_PackMath.o      idata   0x0004f3       data   0x000000
           .idata_errno.o      idata   0x0004f3       data   0x000000
             .udata_exp.o      udata   0x0004f3       data   0x000000
             .idata_exp.o      idata   0x0004f3       data   0x000000
            .udata_fabs.o      udata   0x0004f3       data   0x000000
            .idata_fabs.o      idata   0x0004f3       data   0x000000
           .udata_frexp.o      udata   0x0004f3       data   0x000000
           .idata_frexp.o      idata   0x0004f3       data   0x000000
           .udata_ldexp.o      udata   0x0004f3       data   0x000000
           .idata_ldexp.o      idata   0x0004f3       data   0x000000
             .udata_log.o      udata   0x0004f3       data   0x000000
             .idata_log.o      idata   0x0004f3       data   0x000000
        .idata_busyxlcd.o      idata   0x0004f3       data   0x000000
        .udata_putrxlcd.o      udata   0x0004f3       data   0x000000
        .idata_putrxlcd.o      idata   0x0004f3       data   0x000000
        .udata_putsxlcd.o      udata   0x0004f3       data   0x000000
        .idata_putsxlcd.o      idata   0x0004f3       data   0x000000
        .udata_readaddr.o      udata   0x0004f3       data   0x000000
        .idata_readaddr.o      idata   0x0004f3       data   0x000000
        .udata_readdata.o      udata   0x0004f3       data   0x000000
        .idata_readdata.o      idata   0x0004f3       data   0x000000
        .udata_setcgram.o      udata   0x0004f3       data   0x000000
        .idata_setcgram.o      idata   0x0004f3       data   0x000000
        .udata_setddram.o      udata   0x0004f3       data   0x000000
        .idata_setddram.o      idata   0x0004f3       data   0x000000
        .udata_wcmdxlcd.o      udata   0x0004f3       data   0x000000
        .idata_wcmdxlcd.o      idata   0x0004f3       data   0x000000
        .udata_writdata.o      udata   0x0004f3       data   0x000000
        .idata_writdata.o      idata   0x0004f3       data   0x000000
        .udata_openxlcd.o      udata   0x0004f3       data   0x000000
        .idata_openxlcd.o      idata   0x0004f3       data   0x000000
        .udata_os_cpu_c.o      udata   0x0004f3       data   0x000000
        .idata_os_cpu_c.o      idata   0x0004f3       data   0x000000
         .udata_vectors.o      udata   0x0004f3       data   0x000000
         .idata_vectors.o      idata   0x0004f3       data   0x000000
     .idata_code_lab2_1.o      idata   0x0004f3       data   0x000000
        .udata_busyxlcd.o      udata   0x0004f3       data   0x000000
           .idata_c018i.o      idata   0x0004f3       data   0x000000
        .udata_fxd1616u.o      udata   0x0004f3       data   0x000000
            SFR_UNBANKED0      udata   0x000f80       data   0x000080



                              Program Memory Usage 
                               Start         End      
                           ---------   ---------      
                            0x000000    0x000005      
                            0x000008    0x000013      
                            0x000018    0x00001d      
                            0x00002a    0x00764c      
                            0x00764e    0x0077c1      
                            0x300001    0x300001      
                            0x300003    0x300003      
                            0x300006    0x300006      
            30642 out of 33048 program addresses used, program memory utilization is 92%



                              Symbols - Sorted by Name
                     Name    Address   Location    Storage File                     
                ---------  ---------  ---------  --------- ---------                
                 BusyXLCD   0x00750c    program     extern C:\Users\caleb\MPLABXProjects\TempSense.X\busyxlcd.c
     CPUhighInterruptHook   0x0075b8    program     extern C:\Users\caleb\MPLABXProjects\TempSense.X\vectors.c
            CPUhighVector   0x000008    program     extern C:\Users\caleb\MPLABXProjects\TempSense.X\os_cpu_c.c
          CPUlowInterrupt   0x006270    program     extern C:\Users\caleb\MPLABXProjects\TempSense.X\os_cpu_c.c
      CPUlowInterruptHook   0x0075a4    program     extern C:\Users\caleb\MPLABXProjects\TempSense.X\vectors.c
             CPUlowVector   0x000018    program     extern C:\Users\caleb\MPLABXProjects\TempSense.X\os_cpu_c.c
                   D10K_1   0x007556    program     static E:\3.46\pic18-lt\cxx-framework\src\traditional\delays\d10ktcyx.asm
                    D10Kl   0x007562    program     static E:\3.46\pic18-lt\cxx-framework\src\traditional\delays\d10ktcyx.asm
                    D10Kx   0x007554    program     static E:\3.46\pic18-lt\cxx-framework\src\traditional\delays\d10ktcyx.asm
                    D10_1   0x007636    program     static E:\3.46\pic18-lt\cxx-framework\src\traditional\delays\d10tcyx.asm
                     D10x   0x00762e    program     static E:\3.46\pic18-lt\cxx-framework\src\traditional\delays\d10tcyx.asm
                   D1616S   0x00559a    program     static E:\3.46\pic18-lt\cxx-framework\src\traditional\math\fxd1616s.asm
                D1616SNEG   0x0055a8    program     static E:\3.46\pic18-lt\cxx-framework\src\traditional\math\fxd1616s.asm
                 D1616SOK   0x0055a4    program     static E:\3.46\pic18-lt\cxx-framework\src\traditional\math\fxd1616s.asm
                  D1616SX   0x0055ba    program     static E:\3.46\pic18-lt\cxx-framework\src\traditional\math\fxd1616s.asm
                    D1K_1   0x0075d6    program     static E:\3.46\pic18-lt\cxx-framework\src\traditional\delays\d1ktcyx.asm
                     D1Kx   0x0075d4    program     static E:\3.46\pic18-lt\cxx-framework\src\traditional\delays\d1ktcyx.asm
                  DA1616S   0x00558a    program     static E:\3.46\pic18-lt\cxx-framework\src\traditional\math\fxd1616s.asm
             Delay10KTCYx   0x00754a    program     extern E:\3.46\pic18-lt\cxx-framework\src\traditional\delays\d10ktcyx.asm
              Delay10TCYx   0x007626    program     extern E:\3.46\pic18-lt\cxx-framework\src\traditional\delays\d10tcyx.asm
              Delay1KTCYx   0x0075ca    program     extern E:\3.46\pic18-lt\cxx-framework\src\traditional\delays\d1ktcyx.asm
            DelayFor18TCY   0x004b04    program     extern C:\Users\caleb\MPLABXProjects\TempSense.X\code_lab2_1.c
             DelayPORXLCD   0x004b32    program     extern C:\Users\caleb\MPLABXProjects\TempSense.X\code_lab2_1.c
                DelayXLCD   0x004b24    program     extern C:\Users\caleb\MPLABXProjects\TempSense.X\code_lab2_1.c
                 FLO1632S   0x0052a4    program     extern E:\3.46\pic18-lt\cxx-framework\src\traditional\math\cast16FP.asm
                 FLO1632U   0x0052a0    program     extern E:\3.46\pic18-lt\cxx-framework\src\traditional\math\cast16FP.asm
                    FPA32   0x00544c    program     extern E:\3.46\pic18-lt\cxx-framework\src\traditional\math\addFP.asm
                    FPD32   0x0052ca    program     extern E:\3.46\pic18-lt\cxx-framework\src\traditional\math\divFP.asm
                    FPM32   0x005370    program     extern E:\3.46\pic18-lt\cxx-framework\src\traditional\math\mulFP.asm
                    FPS32   0x00544a    program     extern E:\3.46\pic18-lt\cxx-framework\src\traditional\math\addFP.asm
                 FXD1616S   0x005578    program     extern E:\3.46\pic18-lt\cxx-framework\src\traditional\math\fxd1616s.asm
                 FXD1616U   0x007578    program     extern E:\3.46\pic18-lt\cxx-framework\src\traditional\math\fxd1616u.c
                 FXD3232U   0x007438    program     extern E:\3.46\pic18-lt\cxx-framework\src\traditional\math\fxd3232u.c
                 FXM1616S   0x00572e    program     extern E:\3.46\pic18-lt\cxx-framework\src\traditional\math\fxm1616s.asm
                  FXM3232   0x007166    program     extern E:\3.46\pic18-lt\cxx-framework\src\traditional\math\fxm3232.c
                  INT3216   0x0055c4    program     extern E:\3.46\pic18-lt\cxx-framework\src\traditional\math\castFP16.asm
                  INT3232   0x005788    program     extern E:\3.46\pic18-lt\cxx-framework\src\traditional\math\castFP32.asm
                  OSCtxSw   0x00617a    program     extern C:\Users\caleb\MPLABXProjects\TempSense.X\os_cpu_c.c
              OSDebugInit   0x003cda    program     extern C:\Users\caleb\MPLABXProjects\TempSense.X\os_dbg.c
           OSEventNameGet   0x000038    program     extern C:\Users\caleb\MPLABXProjects\TempSense.X\os_core.c
           OSEventNameSet   0x00012c    program     extern C:\Users\caleb\MPLABXProjects\TempSense.X\os_core.c
         OSEventPendMulti   0x0001d0    program     extern C:\Users\caleb\MPLABXProjects\TempSense.X\os_core.c
                   OSInit   0x00077a    program     extern C:\Users\caleb\MPLABXProjects\TempSense.X\os_core.c
          OSInitHookBegin   0x0060f2    program     extern C:\Users\caleb\MPLABXProjects\TempSense.X\os_cpu_c.c
            OSInitHookEnd   0x0060f4    program     extern C:\Users\caleb\MPLABXProjects\TempSense.X\os_cpu_c.c
               OSIntCtxSw   0x006302    program     extern C:\Users\caleb\MPLABXProjects\TempSense.X\os_cpu_c.c
               OSIntEnter   0x0007a0    program     extern C:\Users\caleb\MPLABXProjects\TempSense.X\os_core.c
                OSIntExit   0x0007b4    program     extern C:\Users\caleb\MPLABXProjects\TempSense.X\os_core.c
              OSSchedLock   0x000850    program     extern C:\Users\caleb\MPLABXProjects\TempSense.X\os_core.c
            OSSchedUnlock   0x000890    program     extern C:\Users\caleb\MPLABXProjects\TempSense.X\os_core.c
              OSSemAccept   0x001d58    program     extern C:\Users\caleb\MPLABXProjects\TempSense.X\os_sem.c
              OSSemCreate   0x001e0a    program     extern C:\Users\caleb\MPLABXProjects\TempSense.X\os_sem.c
                 OSSemDel   0x001ef8    program     extern C:\Users\caleb\MPLABXProjects\TempSense.X\os_sem.c
                OSSemPend   0x002180    program     extern C:\Users\caleb\MPLABXProjects\TempSense.X\os_sem.c
           OSSemPendAbort   0x002376    program     extern C:\Users\caleb\MPLABXProjects\TempSense.X\os_sem.c
                OSSemPost   0x0024a2    program     extern C:\Users\caleb\MPLABXProjects\TempSense.X\os_sem.c
               OSSemQuery   0x002574    program     extern C:\Users\caleb\MPLABXProjects\TempSense.X\os_sem.c
                 OSSemSet   0x0026bc    program     extern C:\Users\caleb\MPLABXProjects\TempSense.X\os_sem.c
                  OSStart   0x0008ec    program     extern C:\Users\caleb\MPLABXProjects\TempSense.X\os_core.c
           OSStartHighRdy   0x0060f6    program     extern C:\Users\caleb\MPLABXProjects\TempSense.X\os_cpu_c.c
               OSStatInit   0x000926    program     extern C:\Users\caleb\MPLABXProjects\TempSense.X\os_core.c
            OSTCBInitHook   0x0060d0    program     extern C:\Users\caleb\MPLABXProjects\TempSense.X\os_cpu_c.c
         OSTaskChangePrio   0x0027a2    program     extern C:\Users\caleb\MPLABXProjects\TempSense.X\os_task.c
             OSTaskCreate   0x002c90    program     extern C:\Users\caleb\MPLABXProjects\TempSense.X\os_task.c
         OSTaskCreateHook   0x0060a8    program     extern C:\Users\caleb\MPLABXProjects\TempSense.X\os_cpu_c.c
                OSTaskDel   0x002df4    program     extern C:\Users\caleb\MPLABXProjects\TempSense.X\os_task.c
            OSTaskDelHook   0x0060b8    program     extern C:\Users\caleb\MPLABXProjects\TempSense.X\os_cpu_c.c
             OSTaskDelReq   0x003148    program     extern C:\Users\caleb\MPLABXProjects\TempSense.X\os_task.c
           OSTaskIdleHook   0x0060e0    program     extern C:\Users\caleb\MPLABXProjects\TempSense.X\os_cpu_c.c
              OSTaskQuery   0x003514    program     extern C:\Users\caleb\MPLABXProjects\TempSense.X\os_task.c
             OSTaskRegGet   0x0035ec    program     extern C:\Users\caleb\MPLABXProjects\TempSense.X\os_task.c
             OSTaskRegSet   0x0036d4    program     extern C:\Users\caleb\MPLABXProjects\TempSense.X\os_task.c
             OSTaskResume   0x00323e    program     extern C:\Users\caleb\MPLABXProjects\TempSense.X\os_task.c
         OSTaskReturnHook   0x0060e2    program     extern C:\Users\caleb\MPLABXProjects\TempSense.X\os_cpu_c.c
           OSTaskStatHook   0x0060cc    program     extern C:\Users\caleb\MPLABXProjects\TempSense.X\os_cpu_c.c
            OSTaskStkInit   0x005e98    program     extern C:\Users\caleb\MPLABXProjects\TempSense.X\os_cpu_c.c
            OSTaskSuspend   0x0033a8    program     extern C:\Users\caleb\MPLABXProjects\TempSense.X\os_task.c
             OSTaskSwHook   0x0060c8    program     extern C:\Users\caleb\MPLABXProjects\TempSense.X\os_cpu_c.c
                OSTimeDly   0x0037ac    program     extern C:\Users\caleb\MPLABXProjects\TempSense.X\os_time.c
            OSTimeDlyHMSM   0x00389a    program     extern C:\Users\caleb\MPLABXProjects\TempSense.X\os_time.c
          OSTimeDlyResume   0x003a78    program     extern C:\Users\caleb\MPLABXProjects\TempSense.X\os_time.c
                OSTimeGet   0x003c30    program     extern C:\Users\caleb\MPLABXProjects\TempSense.X\os_time.c
                OSTimeSet   0x003c9a    program     extern C:\Users\caleb\MPLABXProjects\TempSense.X\os_time.c
               OSTimeTick   0x0009ac    program     extern C:\Users\caleb\MPLABXProjects\TempSense.X\os_core.c
           OSTimeTickHook   0x0060ce    program     extern C:\Users\caleb\MPLABXProjects\TempSense.X\os_cpu_c.c
                OSVersion   0x000bca    program     extern C:\Users\caleb\MPLABXProjects\TempSense.X\os_core.c
                 OS_Dummy   0x000bd6    program     extern C:\Users\caleb\MPLABXProjects\TempSense.X\os_core.c
          OS_EventTaskRdy   0x000bd8    program     extern C:\Users\caleb\MPLABXProjects\TempSense.X\os_core.c
       OS_EventTaskRemove   0x00101a    program     extern C:\Users\caleb\MPLABXProjects\TempSense.X\os_core.c
  OS_EventTaskRemoveMulti   0x0010ea    program     extern C:\Users\caleb\MPLABXProjects\TempSense.X\os_core.c
         OS_EventTaskWait   0x000dc8    program     extern C:\Users\caleb\MPLABXProjects\TempSense.X\os_core.c
    OS_EventTaskWaitMulti   0x000eb4    program     extern C:\Users\caleb\MPLABXProjects\TempSense.X\os_core.c
     OS_EventWaitListInit   0x001230    program     extern C:\Users\caleb\MPLABXProjects\TempSense.X\os_core.c
         OS_InitEventList   0x001292    program     static C:\Users\caleb\MPLABXProjects\TempSense.X\os_core.c
              OS_InitMisc   0x001426    program     static C:\Users\caleb\MPLABXProjects\TempSense.X\os_core.c
           OS_InitRdyList   0x00146e    program     static C:\Users\caleb\MPLABXProjects\TempSense.X\os_core.c
           OS_InitTCBList   0x00150c    program     static C:\Users\caleb\MPLABXProjects\TempSense.X\os_core.c
          OS_InitTaskIdle   0x0014b4    program     static C:\Users\caleb\MPLABXProjects\TempSense.X\os_core.c
          OS_InitTaskStat   0x0014e0    program     static C:\Users\caleb\MPLABXProjects\TempSense.X\os_core.c
                OS_MemClr   0x00161a    program     extern C:\Users\caleb\MPLABXProjects\TempSense.X\os_core.c
               OS_MemCopy   0x001662    program     extern C:\Users\caleb\MPLABXProjects\TempSense.X\os_core.c
                 OS_Sched   0x0016c4    program     extern C:\Users\caleb\MPLABXProjects\TempSense.X\os_core.c
              OS_SchedNew   0x00174c    program     static C:\Users\caleb\MPLABXProjects\TempSense.X\os_core.c
                OS_StrLen   0x00179a    program     extern C:\Users\caleb\MPLABXProjects\TempSense.X\os_core.c
               OS_TCBInit   0x001948    program     extern C:\Users\caleb\MPLABXProjects\TempSense.X\os_core.c
              OS_TaskIdle   0x0017d2    program     extern C:\Users\caleb\MPLABXProjects\TempSense.X\os_core.c
            OS_TaskReturn   0x003792    program     extern C:\Users\caleb\MPLABXProjects\TempSense.X\os_task.c
              OS_TaskStat   0x001824    program     extern C:\Users\caleb\MPLABXProjects\TempSense.X\os_core.c
                 OpenXLCD   0x006fe8    program     extern C:\Users\caleb\MPLABXProjects\TempSense.X\openxlcd.c
             ReadAddrXLCD   0x0074c6    program     extern C:\Users\caleb\MPLABXProjects\TempSense.X\readaddr.c
             ReadDataXLCD   0x007480    program     extern C:\Users\caleb\MPLABXProjects\TempSense.X\readdata.c
             SetCGRamAddr   0x0072f8    program     extern C:\Users\caleb\MPLABXProjects\TempSense.X\setcgram.c
             SetDDRamAddr   0x0072a6    program     extern C:\Users\caleb\MPLABXProjects\TempSense.X\setddram.c
                  TAEQB32   0x0057f6    program     extern E:\3.46\pic18-lt\cxx-framework\src\traditional\math\eqFP.asm
                  TAGTB32   0x005804    program     extern E:\3.46\pic18-lt\cxx-framework\src\traditional\math\gtFP.asm
                  TALTB32   0x005816    program     extern E:\3.46\pic18-lt\cxx-framework\src\traditional\math\ltFP.asm
               TSIGN1616A   0x00577a    program     static E:\3.46\pic18-lt\cxx-framework\src\traditional\math\fxm1616s.asm
                    TaskA   0x005178    program     extern C:\Users\caleb\MPLABXProjects\TempSense.X\code_lab2_1.c
             WriteCmdXLCD   0x00739a    program     extern C:\Users\caleb\MPLABXProjects\TempSense.X\wcmdxlcd.c
            WriteDataXLCD   0x00734a    program     extern C:\Users\caleb\MPLABXProjects\TempSense.X\writdata.c
       _D10KTCYXCODE_0010   0x00755a    program     static E:\3.46\pic18-lt\cxx-framework\src\traditional\delays\d10ktcyx.asm
       _D10KTCYXCODE_001C   0x007566    program     static E:\3.46\pic18-lt\cxx-framework\src\traditional\delays\d10ktcyx.asm
        _D10TCYXCODE_000A   0x007630    program     static E:\3.46\pic18-lt\cxx-framework\src\traditional\delays\d10tcyx.asm
        _D10TCYXCODE_000C   0x007632    program     static E:\3.46\pic18-lt\cxx-framework\src\traditional\delays\d10tcyx.asm
        _D10TCYXCODE_000E   0x007634    program     static E:\3.46\pic18-lt\cxx-framework\src\traditional\delays\d10tcyx.asm
        _D1KTCYXCODE_0010   0x0075da    program     static E:\3.46\pic18-lt\cxx-framework\src\traditional\delays\d1ktcyx.asm
        _D1KTCYXCODE_0016   0x0075e0    program     static E:\3.46\pic18-lt\cxx-framework\src\traditional\delays\d1ktcyx.asm
                _PackMath   0x006ece    program     extern E:\3.46\pic18-lt\cxx-framework\src\traditional\stdclib\PackMath.c
                _UnpkMath   0x006db2    program     extern E:\3.46\pic18-lt\cxx-framework\src\traditional\stdclib\UnpkMath.c
              __FpCompare   0x005828    program     extern E:\3.46\pic18-lt\cxx-framework\src\traditional\math\compFP.asm
                 __FpExit   0x00562e    program     extern E:\3.46\pic18-lt\cxx-framework\src\traditional\math\packFP.asm
                 __FpPack   0x00565a    program     extern E:\3.46\pic18-lt\cxx-framework\src\traditional\math\packFP.asm
            __FpReturnNaN   0x005622    program     extern E:\3.46\pic18-lt\cxx-framework\src\traditional\math\packFP.asm
         __FpReturnNegInf   0x005634    program     extern E:\3.46\pic18-lt\cxx-framework\src\traditional\math\packFP.asm
        __FpReturnNegZero   0x00564c    program     extern E:\3.46\pic18-lt\cxx-framework\src\traditional\math\packFP.asm
         __FpReturnPosInf   0x00563a    program     extern E:\3.46\pic18-lt\cxx-framework\src\traditional\math\packFP.asm
        __FpReturnPosZero   0x005654    program     extern E:\3.46\pic18-lt\cxx-framework\src\traditional\math\packFP.asm
        __FpReturnSignInf   0x005630    program     extern E:\3.46\pic18-lt\cxx-framework\src\traditional\math\packFP.asm
       __FpReturnSignZero   0x005648    program     extern E:\3.46\pic18-lt\cxx-framework\src\traditional\math\packFP.asm
              __FpReturnW   0x0056b2    program     extern E:\3.46\pic18-lt\cxx-framework\src\traditional\math\packFP.asm
              __FpUnPackA   0x0056d2    program     extern E:\3.46\pic18-lt\cxx-framework\src\traditional\math\UnpackFP.asm
              __FpUnPackB   0x005702    program     extern E:\3.46\pic18-lt\cxx-framework\src\traditional\math\UnpackFP.asm
           ___do_lbl00015   0x006132    program     static                          
           ___do_lbl00016   0x006136    program     static                          
           ___do_lbl00017   0x006124    program     static                          
           ___do_lbl00022   0x006228    program     static                          
           ___do_lbl00023   0x00622c    program     static                          
           ___do_lbl00024   0x00621a    program     static                          
           ___do_lbl00035   0x006382    program     static                          
           ___do_lbl00036   0x006386    program     static                          
           ___do_lbl00037   0x006374    program     static                          
          ___for_lbl00006   0x004ad8    program     static                          
          ___for_lbl00007   0x004ade    program     static                          
          ___for_lbl00008   0x004a68    program     static                          
           ___if_lbl00014   0x00611e    program     static                          
           ___if_lbl00021   0x0061e6    program     static                          
           ___if_lbl00031   0x006330    program     static                          
           ___if_lbl00034   0x00636e    program     static                          
       ___return_lbl00000   0x0071d4    program     static                          
       ___return_lbl00000   0x00747e    program     static                          
       ___return_lbl00000   0x0075a2    program     static                          
       ___return_lbl00000   0x000004    program     static                          
       ___return_lbl00001   0x007624    program     static                          
       ___return_lbl00002   0x007164    program     static                          
       ___return_lbl00003   0x0060ca    program     static                          
       ___return_lbl00005   0x004af0    program     static                          
       ___return_lbl00009   0x004b22    program     static                          
       ___return_lbl00011   0x006178    program     static                          
       ___return_lbl00018   0x00626e    program     static                          
       ___return_lbl00025   0x000012    program     static                          
       ___return_lbl00026   0x00001c    program     static                          
       ___return_lbl00027   0x006300    program     static                          
       ___return_lbl00028   0x0063c8    program     static                          
        ___while_lbl00012   0x00610e    program     static                          
        ___while_lbl00013   0x006118    program     static                          
        ___while_lbl00019   0x0061c4    program     static                          
        ___while_lbl00020   0x0061dc    program     static                          
        ___while_lbl00029   0x00630e    program     static                          
        ___while_lbl00030   0x006326    program     static                          
        ___while_lbl00032   0x00635e    program     static                          
        ___while_lbl00033   0x006368    program     static                          
               __config_0   0x300001    program     static C:\Users\caleb\MPLABXProjects\TempSense.X\code_lab2_1.c
               __config_1   0x300003    program     static C:\Users\caleb\MPLABXProjects\TempSense.X\code_lab2_1.c
               __config_2   0x300006    program     static C:\Users\caleb\MPLABXProjects\TempSense.X\code_lab2_1.c
                   __init   0x00764e    program     extern E:\3.46\pic18-lt\cxx-framework\src\traditional\stdclib\__init.c
                   __pa_0   0x006f96    program     static E:\3.46\pic18-lt\cxx-framework\src\traditional\stdclib\PackMath.c
                   __pa_0   0x006b3e    program     static E:\3.46\pic18-lt\cxx-framework\src\traditional\stdclib\fchop.c
                   __pa_0   0x006ec0    program     static E:\3.46\pic18-lt\cxx-framework\src\traditional\stdclib\UnpkMath.c
                   __pa_0   0x004692    program     static E:\3.46\pic18-lt\cxx-framework\src\traditional\stdclib\pow.c
                   __pa_0   0x005d62    program     static E:\3.46\pic18-lt\cxx-framework\src\traditional\stdclib\exp.c
                   __pa_0   0x006790    program     static E:\3.46\pic18-lt\cxx-framework\src\traditional\stdclib\log.c
                   __pa_0   0x006c84    program     static E:\3.46\pic18-lt\cxx-framework\src\traditional\stdclib\ldexp.c
                   __pa_0   0x006d96    program     static E:\3.46\pic18-lt\cxx-framework\src\traditional\stdclib\frexp.c
                   __pa_1   0x006da4    program     static E:\3.46\pic18-lt\cxx-framework\src\traditional\stdclib\frexp.c
                   __pa_1   0x00679c    program     static E:\3.46\pic18-lt\cxx-framework\src\traditional\stdclib\log.c
                   __pa_1   0x006b48    program     static E:\3.46\pic18-lt\cxx-framework\src\traditional\stdclib\fchop.c
                   __pa_1   0x005d6a    program     static E:\3.46\pic18-lt\cxx-framework\src\traditional\stdclib\exp.c
                   __pa_1   0x0046a8    program     static E:\3.46\pic18-lt\cxx-framework\src\traditional\stdclib\pow.c
                   __pa_1   0x006fa6    program     static E:\3.46\pic18-lt\cxx-framework\src\traditional\stdclib\PackMath.c
                  __pa_10   0x005e48    program     static E:\3.46\pic18-lt\cxx-framework\src\traditional\stdclib\exp.c
                  __pa_10   0x006852    program     static E:\3.46\pic18-lt\cxx-framework\src\traditional\stdclib\log.c
                  __pa_10   0x0047a2    program     static E:\3.46\pic18-lt\cxx-framework\src\traditional\stdclib\pow.c
                  __pa_11   0x005e5a    program     static E:\3.46\pic18-lt\cxx-framework\src\traditional\stdclib\exp.c
                  __pa_11   0x00685a    program     static E:\3.46\pic18-lt\cxx-framework\src\traditional\stdclib\log.c
                  __pa_11   0x0047c8    program     static E:\3.46\pic18-lt\cxx-framework\src\traditional\stdclib\pow.c
                  __pa_12   0x00686c    program     static E:\3.46\pic18-lt\cxx-framework\src\traditional\stdclib\log.c
                  __pa_12   0x0047da    program     static E:\3.46\pic18-lt\cxx-framework\src\traditional\stdclib\pow.c
                  __pa_12   0x005e6c    program     static E:\3.46\pic18-lt\cxx-framework\src\traditional\stdclib\exp.c
                  __pa_13   0x006886    program     static E:\3.46\pic18-lt\cxx-framework\src\traditional\stdclib\log.c
                  __pa_13   0x005e78    program     static E:\3.46\pic18-lt\cxx-framework\src\traditional\stdclib\exp.c
                  __pa_13   0x0047ec    program     static E:\3.46\pic18-lt\cxx-framework\src\traditional\stdclib\pow.c
                  __pa_14   0x005e86    program     static E:\3.46\pic18-lt\cxx-framework\src\traditional\stdclib\exp.c
                  __pa_14   0x006898    program     static E:\3.46\pic18-lt\cxx-framework\src\traditional\stdclib\log.c
                  __pa_14   0x0047f6    program     static E:\3.46\pic18-lt\cxx-framework\src\traditional\stdclib\pow.c
                  __pa_15   0x0068aa    program     static E:\3.46\pic18-lt\cxx-framework\src\traditional\stdclib\log.c
                  __pa_15   0x004810    program     static E:\3.46\pic18-lt\cxx-framework\src\traditional\stdclib\pow.c
                  __pa_15   0x005e90    program     static E:\3.46\pic18-lt\cxx-framework\src\traditional\stdclib\exp.c
                  __pa_16   0x0068b6    program     static E:\3.46\pic18-lt\cxx-framework\src\traditional\stdclib\log.c
                  __pa_16   0x004828    program     static E:\3.46\pic18-lt\cxx-framework\src\traditional\stdclib\pow.c
                  __pa_17   0x004836    program     static E:\3.46\pic18-lt\cxx-framework\src\traditional\stdclib\pow.c
                  __pa_18   0x004844    program     static E:\3.46\pic18-lt\cxx-framework\src\traditional\stdclib\pow.c
                  __pa_19   0x00484c    program     static E:\3.46\pic18-lt\cxx-framework\src\traditional\stdclib\pow.c
                   __pa_2   0x006fb4    program     static E:\3.46\pic18-lt\cxx-framework\src\traditional\stdclib\PackMath.c
                   __pa_2   0x005d8a    program     static E:\3.46\pic18-lt\cxx-framework\src\traditional\stdclib\exp.c
                   __pa_2   0x0046b0    program     static E:\3.46\pic18-lt\cxx-framework\src\traditional\stdclib\pow.c
                   __pa_2   0x0067ae    program     static E:\3.46\pic18-lt\cxx-framework\src\traditional\stdclib\log.c
                  __pa_20   0x00485e    program     static E:\3.46\pic18-lt\cxx-framework\src\traditional\stdclib\pow.c
                  __pa_21   0x00486a    program     static E:\3.46\pic18-lt\cxx-framework\src\traditional\stdclib\pow.c
                  __pa_22   0x00487c    program     static E:\3.46\pic18-lt\cxx-framework\src\traditional\stdclib\pow.c
                  __pa_23   0x00488e    program     static E:\3.46\pic18-lt\cxx-framework\src\traditional\stdclib\pow.c
                  __pa_24   0x00489a    program     static E:\3.46\pic18-lt\cxx-framework\src\traditional\stdclib\pow.c
                  __pa_25   0x0048a6    program     static E:\3.46\pic18-lt\cxx-framework\src\traditional\stdclib\pow.c
                  __pa_26   0x0048b6    program     static E:\3.46\pic18-lt\cxx-framework\src\traditional\stdclib\pow.c
                  __pa_27   0x0048c4    program     static E:\3.46\pic18-lt\cxx-framework\src\traditional\stdclib\pow.c
                  __pa_28   0x0048ce    program     static E:\3.46\pic18-lt\cxx-framework\src\traditional\stdclib\pow.c
                  __pa_29   0x0048d6    program     static E:\3.46\pic18-lt\cxx-framework\src\traditional\stdclib\pow.c
                   __pa_3   0x006fbe    program     static E:\3.46\pic18-lt\cxx-framework\src\traditional\stdclib\PackMath.c
                   __pa_3   0x005da4    program     static E:\3.46\pic18-lt\cxx-framework\src\traditional\stdclib\exp.c
                   __pa_3   0x0046ca    program     static E:\3.46\pic18-lt\cxx-framework\src\traditional\stdclib\pow.c
                   __pa_3   0x0067ca    program     static E:\3.46\pic18-lt\cxx-framework\src\traditional\stdclib\log.c
                  __pa_30   0x0048de    program     static E:\3.46\pic18-lt\cxx-framework\src\traditional\stdclib\pow.c
                  __pa_31   0x0048f0    program     static E:\3.46\pic18-lt\cxx-framework\src\traditional\stdclib\pow.c
                  __pa_32   0x0048fc    program     static E:\3.46\pic18-lt\cxx-framework\src\traditional\stdclib\pow.c
                  __pa_33   0x004902    program     static E:\3.46\pic18-lt\cxx-framework\src\traditional\stdclib\pow.c
                  __pa_34   0x00490a    program     static E:\3.46\pic18-lt\cxx-framework\src\traditional\stdclib\pow.c
                  __pa_35   0x004916    program     static E:\3.46\pic18-lt\cxx-framework\src\traditional\stdclib\pow.c
                  __pa_36   0x004924    program     static E:\3.46\pic18-lt\cxx-framework\src\traditional\stdclib\pow.c
                  __pa_37   0x00492c    program     static E:\3.46\pic18-lt\cxx-framework\src\traditional\stdclib\pow.c
                  __pa_38   0x004936    program     static E:\3.46\pic18-lt\cxx-framework\src\traditional\stdclib\pow.c
                  __pa_39   0x00493e    program     static E:\3.46\pic18-lt\cxx-framework\src\traditional\stdclib\pow.c
                   __pa_4   0x005db4    program     static E:\3.46\pic18-lt\cxx-framework\src\traditional\stdclib\exp.c
                   __pa_4   0x00470e    program     static E:\3.46\pic18-lt\cxx-framework\src\traditional\stdclib\pow.c
                   __pa_4   0x006fcc    program     static E:\3.46\pic18-lt\cxx-framework\src\traditional\stdclib\PackMath.c
                   __pa_4   0x0067d0    program     static E:\3.46\pic18-lt\cxx-framework\src\traditional\stdclib\log.c
                  __pa_40   0x004948    program     static E:\3.46\pic18-lt\cxx-framework\src\traditional\stdclib\pow.c
                  __pa_41   0x004956    program     static E:\3.46\pic18-lt\cxx-framework\src\traditional\stdclib\pow.c
                  __pa_42   0x00495e    program     static E:\3.46\pic18-lt\cxx-framework\src\traditional\stdclib\pow.c
                  __pa_43   0x00496a    program     static E:\3.46\pic18-lt\cxx-framework\src\traditional\stdclib\pow.c
                  __pa_44   0x004978    program     static E:\3.46\pic18-lt\cxx-framework\src\traditional\stdclib\pow.c
                  __pa_45   0x004982    program     static E:\3.46\pic18-lt\cxx-framework\src\traditional\stdclib\pow.c
                   __pa_5   0x0067da    program     static E:\3.46\pic18-lt\cxx-framework\src\traditional\stdclib\log.c
                   __pa_5   0x005dc6    program     static E:\3.46\pic18-lt\cxx-framework\src\traditional\stdclib\exp.c
                   __pa_5   0x004732    program     static E:\3.46\pic18-lt\cxx-framework\src\traditional\stdclib\pow.c
                   __pa_5   0x006fd4    program     static E:\3.46\pic18-lt\cxx-framework\src\traditional\stdclib\PackMath.c
                   __pa_6   0x004740    program     static E:\3.46\pic18-lt\cxx-framework\src\traditional\stdclib\pow.c
                   __pa_6   0x005ddc    program     static E:\3.46\pic18-lt\cxx-framework\src\traditional\stdclib\exp.c
                   __pa_6   0x0067f8    program     static E:\3.46\pic18-lt\cxx-framework\src\traditional\stdclib\log.c
                   __pa_6   0x006fdc    program     static E:\3.46\pic18-lt\cxx-framework\src\traditional\stdclib\PackMath.c
                   __pa_7   0x004754    program     static E:\3.46\pic18-lt\cxx-framework\src\traditional\stdclib\pow.c
                   __pa_7   0x006812    program     static E:\3.46\pic18-lt\cxx-framework\src\traditional\stdclib\log.c
                   __pa_7   0x005dfa    program     static E:\3.46\pic18-lt\cxx-framework\src\traditional\stdclib\exp.c
                   __pa_8   0x00682c    program     static E:\3.46\pic18-lt\cxx-framework\src\traditional\stdclib\log.c
                   __pa_8   0x005e16    program     static E:\3.46\pic18-lt\cxx-framework\src\traditional\stdclib\exp.c
                   __pa_8   0x00476e    program     static E:\3.46\pic18-lt\cxx-framework\src\traditional\stdclib\pow.c
                   __pa_9   0x005e34    program     static E:\3.46\pic18-lt\cxx-framework\src\traditional\stdclib\exp.c
                   __pa_9   0x004788    program     static E:\3.46\pic18-lt\cxx-framework\src\traditional\stdclib\pow.c
                   __pa_9   0x006842    program     static E:\3.46\pic18-lt\cxx-framework\src\traditional\stdclib\log.c
               __string_0   0x00763e    program     static C:\Users\caleb\MPLABXProjects\TempSense.X\code_lab2_1.c
               __string_0   0x00763c    program     static C:\Users\caleb\MPLABXProjects\TempSense.X\os_dbg.c
               __tmplbl_1   0x004a7c    program     static                          
            __zero_memory   0x0075ea    program     extern E:\3.46\pic18-lt\cxx-framework\src\traditional\proc\p18f452.asm
                _do_cinit   0x0070c8    program     extern E:\3.46\pic18-lt\cxx-framework\src\traditional\startup\c018i.c
                   _entry   0x000000    program     extern E:\3.46\pic18-lt\cxx-framework\src\traditional\startup\c018i.c
                   _false   0x00747a    program     static                          
                   _fchop   0x0068c4    program     extern E:\3.46\pic18-lt\cxx-framework\src\traditional\stdclib\fchop.c
                 _startup   0x00760a    program     extern E:\3.46\pic18-lt\cxx-framework\src\traditional\startup\c018i.c
                compare_l   0x007600    program     static E:\3.46\pic18-lt\cxx-framework\src\traditional\proc\p18f452.asm
                copy_loop   0x00713a    program     static                          
            copy_one_byte   0x007140    program     static                          
                     done   0x007164    program     static                          
             done_copying   0x00714e    program     static                          
                  endloop   0x00759e    program     static                          
                      exp   0x0058d2    program     extern E:\3.46\pic18-lt\cxx-framework\src\traditional\stdclib\exp.c
                     fabs   0x007240    program     extern E:\3.46\pic18-lt\cxx-framework\src\traditional\stdclib\fabs.c
                    frexp   0x006c8e    program     extern E:\3.46\pic18-lt\cxx-framework\src\traditional\stdclib\frexp.c
                     ftoa   0x004f1a    program     extern C:\Users\caleb\MPLABXProjects\TempSense.X\code_lab2_1.c
                 intToStr   0x004dcc    program     extern C:\Users\caleb\MPLABXProjects\TempSense.X\code_lab2_1.c
                 jANotInf   0x0052e8    program     static E:\3.46\pic18-lt\cxx-framework\src\traditional\math\divFP.asm
                 jANotInf   0x00538e    program     static E:\3.46\pic18-lt\cxx-framework\src\traditional\math\mulFP.asm
                 jANotInf   0x005474    program     static E:\3.46\pic18-lt\cxx-framework\src\traditional\math\addFP.asm
                 jANotNeg   0x005508    program     static E:\3.46\pic18-lt\cxx-framework\src\traditional\math\addFP.asm
                jANotZero   0x0052fc    program     static E:\3.46\pic18-lt\cxx-framework\src\traditional\math\divFP.asm
              jAandWsetup   0x0054d8    program     static E:\3.46\pic18-lt\cxx-framework\src\traditional\math\addFP.asm
                  jAisNeg   0x0058a4    program     static E:\3.46\pic18-lt\cxx-framework\src\traditional\math\compFP.asm
                 jAltBexp   0x0054c6    program     static E:\3.46\pic18-lt\cxx-framework\src\traditional\math\addFP.asm
                jBANotInf   0x00546a    program     static E:\3.46\pic18-lt\cxx-framework\src\traditional\math\addFP.asm
                 jBNotInf   0x005482    program     static E:\3.46\pic18-lt\cxx-framework\src\traditional\math\addFP.asm
              jBothFinite   0x00539c    program     static E:\3.46\pic18-lt\cxx-framework\src\traditional\math\mulFP.asm
             jBothNotZero   0x005846    program     static E:\3.46\pic18-lt\cxx-framework\src\traditional\math\compFP.asm
             jBothNotZero   0x0053a8    program     static E:\3.46\pic18-lt\cxx-framework\src\traditional\math\mulFP.asm
            jDifOrPosSign   0x005496    program     static E:\3.46\pic18-lt\cxx-framework\src\traditional\math\addFP.asm
                      jEQ   0x005862    program     static E:\3.46\pic18-lt\cxx-framework\src\traditional\math\compFP.asm
                    jExch   0x00586e    program     static E:\3.46\pic18-lt\cxx-framework\src\traditional\math\compFP.asm
                    jExit   0x0057f4    program     static E:\3.46\pic18-lt\cxx-framework\src\traditional\math\castFP32.asm
                    jExit   0x005620    program     static E:\3.46\pic18-lt\cxx-framework\src\traditional\math\castFP16.asm
                   jExpEQ   0x0058b4    program     static E:\3.46\pic18-lt\cxx-framework\src\traditional\math\compFP.asm
                   jFinal   0x005898    program     static E:\3.46\pic18-lt\cxx-framework\src\traditional\math\compFP.asm
               jFinalSign   0x005570    program     static E:\3.46\pic18-lt\cxx-framework\src\traditional\math\addFP.asm
                jHaveZero   0x0053a4    program     static E:\3.46\pic18-lt\cxx-framework\src\traditional\math\mulFP.asm
                jI2F16Beg   0x0052b4    program     static E:\3.46\pic18-lt\cxx-framework\src\traditional\math\cast16FP.asm
                    jLoop   0x005600    program     static E:\3.46\pic18-lt\cxx-framework\src\traditional\math\castFP16.asm
                    jLoop   0x005324    program     static E:\3.46\pic18-lt\cxx-framework\src\traditional\math\divFP.asm
                    jLoop   0x0057c8    program     static E:\3.46\pic18-lt\cxx-framework\src\traditional\math\castFP32.asm
                jLoopExit   0x005610    program     static E:\3.46\pic18-lt\cxx-framework\src\traditional\math\castFP16.asm
                jLoopExit   0x0057dc    program     static E:\3.46\pic18-lt\cxx-framework\src\traditional\math\castFP32.asm
                     jMax   0x005798    program     static E:\3.46\pic18-lt\cxx-framework\src\traditional\math\castFP32.asm
                     jMax   0x0055d4    program     static E:\3.46\pic18-lt\cxx-framework\src\traditional\math\castFP16.asm
                  jMaxNeg   0x0057aa    program     static E:\3.46\pic18-lt\cxx-framework\src\traditional\math\castFP32.asm
                  jMaxNeg   0x0055e2    program     static E:\3.46\pic18-lt\cxx-framework\src\traditional\math\castFP16.asm
                  jMaxPos   0x00579c    program     static E:\3.46\pic18-lt\cxx-framework\src\traditional\math\castFP32.asm
                  jMaxPos   0x0055d8    program     static E:\3.46\pic18-lt\cxx-framework\src\traditional\math\castFP16.asm
                      jNE   0x005866    program     static E:\3.46\pic18-lt\cxx-framework\src\traditional\math\compFP.asm
                    jNext   0x00534a    program     static E:\3.46\pic18-lt\cxx-framework\src\traditional\math\divFP.asm
                jNoAdjust   0x005348    program     static E:\3.46\pic18-lt\cxx-framework\src\traditional\math\divFP.asm
                  jNoExch   0x00588e    program     static E:\3.46\pic18-lt\cxx-framework\src\traditional\math\compFP.asm
             jNotBothZero   0x00549a    program     static E:\3.46\pic18-lt\cxx-framework\src\traditional\math\addFP.asm
                  jNotInf   0x0055f0    program     static E:\3.46\pic18-lt\cxx-framework\src\traditional\math\castFP16.asm
                  jNotInf   0x0057b6    program     static E:\3.46\pic18-lt\cxx-framework\src\traditional\math\castFP32.asm
                  jPkLoop   0x005668    program     static E:\3.46\pic18-lt\cxx-framework\src\traditional\math\packFP.asm
             jPkRoundDone   0x0056b2    program     static E:\3.46\pic18-lt\cxx-framework\src\traditional\math\packFP.asm
               jPkRoundIt   0x00569a    program     static E:\3.46\pic18-lt\cxx-framework\src\traditional\math\packFP.asm
             jPkShiftDone   0x005684    program     static E:\3.46\pic18-lt\cxx-framework\src\traditional\math\packFP.asm
           jReturnPosInf0   0x00563e    program     static E:\3.46\pic18-lt\cxx-framework\src\traditional\math\packFP.asm
                  jRotate   0x0058c0    program     static E:\3.46\pic18-lt\cxx-framework\src\traditional\math\compFP.asm
                   jShift   0x0058aa    program     static E:\3.46\pic18-lt\cxx-framework\src\traditional\math\compFP.asm
               jShiftDone   0x005530    program     static E:\3.46\pic18-lt\cxx-framework\src\traditional\math\addFP.asm
               jShiftLoop   0x005522    program     static E:\3.46\pic18-lt\cxx-framework\src\traditional\math\addFP.asm
                jSignDone   0x005560    program     static E:\3.46\pic18-lt\cxx-framework\src\traditional\math\addFP.asm
              jSignedZero   0x0052f2    program     static E:\3.46\pic18-lt\cxx-framework\src\traditional\math\divFP.asm
                 jSignsEQ   0x00584a    program     static E:\3.46\pic18-lt\cxx-framework\src\traditional\math\compFP.asm
                  jUnpkA1   0x0056dc    program     static E:\3.46\pic18-lt\cxx-framework\src\traditional\math\UnpackFP.asm
                  jUnpkA2   0x0056f4    program     static E:\3.46\pic18-lt\cxx-framework\src\traditional\math\UnpackFP.asm
                 jUnpkANZ   0x0056ea    program     static E:\3.46\pic18-lt\cxx-framework\src\traditional\math\UnpackFP.asm
                  jUnpkB1   0x00570c    program     static E:\3.46\pic18-lt\cxx-framework\src\traditional\math\UnpackFP.asm
                  jUnpkB2   0x005724    program     static E:\3.46\pic18-lt\cxx-framework\src\traditional\math\UnpackFP.asm
                 jUnpkBNZ   0x00571a    program     static E:\3.46\pic18-lt\cxx-framework\src\traditional\math\UnpackFP.asm
                 jUnpkNaN   0x0056fe    program     static E:\3.46\pic18-lt\cxx-framework\src\traditional\math\UnpackFP.asm
                 jWNotNeg   0x00551c    program     static E:\3.46\pic18-lt\cxx-framework\src\traditional\math\addFP.asm
                   jWr123   0x0057a2    program     static E:\3.46\pic18-lt\cxx-framework\src\traditional\math\castFP32.asm
                  jWrZ123   0x0057b2    program     static E:\3.46\pic18-lt\cxx-framework\src\traditional\math\castFP32.asm
                    jZero   0x0055ea    program     static E:\3.46\pic18-lt\cxx-framework\src\traditional\math\castFP16.asm
                    jZero   0x0057b0    program     static E:\3.46\pic18-lt\cxx-framework\src\traditional\math\castFP32.asm
               jZero1and2   0x005642    program     static E:\3.46\pic18-lt\cxx-framework\src\traditional\math\packFP.asm
                    ldexp   0x006b56    program     extern E:\3.46\pic18-lt\cxx-framework\src\traditional\stdclib\ldexp.c
                      log   0x0063ca    program     extern E:\3.46\pic18-lt\cxx-framework\src\traditional\stdclib\log.c
                     loop   0x00761a    program     static                          
                     loop   0x007582    program     static                          
                     loop   0x007446    program     static                          
                   loop_h   0x0075f8    program     static E:\3.46\pic18-lt\cxx-framework\src\traditional\proc\p18f452.asm
                   loop_l   0x007602    program     static E:\3.46\pic18-lt\cxx-framework\src\traditional\proc\p18f452.asm
                     main   0x005222    program     extern C:\Users\caleb\MPLABXProjects\TempSense.X\code_lab2_1.c
              measureTemp   0x004b8c    program     extern C:\Users\caleb\MPLABXProjects\TempSense.X\code_lab2_1.c
             ow_read_byte   0x004a54    program     extern C:\Users\caleb\MPLABXProjects\TempSense.X\ow.h
                 ow_reset   0x004988    program     extern C:\Users\caleb\MPLABXProjects\TempSense.X\ow.h
            ow_write_byte   0x0049e2    program     extern C:\Users\caleb\MPLABXProjects\TempSense.X\ow.h
                      pow   0x003e6a    program     extern E:\3.46\pic18-lt\cxx-framework\src\traditional\stdclib\pow.c
                putrsXLCD   0x0071d6    program     extern C:\Users\caleb\MPLABXProjects\TempSense.X\putrxlcd.c
                 putsXLCD   0x0073ea    program     extern C:\Users\caleb\MPLABXProjects\TempSense.X\putsxlcd.c
                  reverse   0x004cbe    program     extern C:\Users\caleb\MPLABXProjects\TempSense.X\code_lab2_1.c
                    setup   0x004b40    program     extern C:\Users\caleb\MPLABXProjects\TempSense.X\code_lab2_1.c
               tempConfig   0x004b6e    program     extern C:\Users\caleb\MPLABXProjects\TempSense.X\code_lab2_1.c
                     test   0x0070e2    program     static                          
               zero_block   0x0075f8    program     static E:\3.46\pic18-lt\cxx-framework\src\traditional\proc\p18f452.asm
                   ADCON0   0x000fc2       data     extern E:\3.46\pic18-lt\cxx-framework\src\traditional\proc\p18f452.asm
               ADCON0bits   0x000fc2       data     extern E:\3.46\pic18-lt\cxx-framework\src\traditional\proc\p18f452.asm
                   ADCON1   0x000fc1       data     extern E:\3.46\pic18-lt\cxx-framework\src\traditional\proc\p18f452.asm
               ADCON1bits   0x000fc1       data     extern E:\3.46\pic18-lt\cxx-framework\src\traditional\proc\p18f452.asm
                    ADRES   0x000fc3       data     extern E:\3.46\pic18-lt\cxx-framework\src\traditional\proc\p18f452.asm
                   ADRESH   0x000fc4       data     extern E:\3.46\pic18-lt\cxx-framework\src\traditional\proc\p18f452.asm
                   ADRESL   0x000fc3       data     extern E:\3.46\pic18-lt\cxx-framework\src\traditional\proc\p18f452.asm
                      BSR   0x000fe0       data     extern E:\3.46\pic18-lt\cxx-framework\src\traditional\proc\p18f452.asm
                  CCP1CON   0x000fbd       data     extern E:\3.46\pic18-lt\cxx-framework\src\traditional\proc\p18f452.asm
              CCP1CONbits   0x000fbd       data     extern E:\3.46\pic18-lt\cxx-framework\src\traditional\proc\p18f452.asm
                  CCP2CON   0x000fba       data     extern E:\3.46\pic18-lt\cxx-framework\src\traditional\proc\p18f452.asm
              CCP2CONbits   0x000fba       data     extern E:\3.46\pic18-lt\cxx-framework\src\traditional\proc\p18f452.asm
                    CCPR1   0x000fbe       data     extern E:\3.46\pic18-lt\cxx-framework\src\traditional\proc\p18f452.asm
                   CCPR1H   0x000fbf       data     extern E:\3.46\pic18-lt\cxx-framework\src\traditional\proc\p18f452.asm
                   CCPR1L   0x000fbe       data     extern E:\3.46\pic18-lt\cxx-framework\src\traditional\proc\p18f452.asm
                    CCPR2   0x000fbb       data     extern E:\3.46\pic18-lt\cxx-framework\src\traditional\proc\p18f452.asm
                   CCPR2H   0x000fbc       data     extern E:\3.46\pic18-lt\cxx-framework\src\traditional\proc\p18f452.asm
                   CCPR2L   0x000fbb       data     extern E:\3.46\pic18-lt\cxx-framework\src\traditional\proc\p18f452.asm
                     DDRA   0x000f92       data     extern E:\3.46\pic18-lt\cxx-framework\src\traditional\proc\p18f452.asm
                 DDRAbits   0x000f92       data     extern E:\3.46\pic18-lt\cxx-framework\src\traditional\proc\p18f452.asm
                     DDRB   0x000f93       data     extern E:\3.46\pic18-lt\cxx-framework\src\traditional\proc\p18f452.asm
                 DDRBbits   0x000f93       data     extern E:\3.46\pic18-lt\cxx-framework\src\traditional\proc\p18f452.asm
                     DDRC   0x000f94       data     extern E:\3.46\pic18-lt\cxx-framework\src\traditional\proc\p18f452.asm
                 DDRCbits   0x000f94       data     extern E:\3.46\pic18-lt\cxx-framework\src\traditional\proc\p18f452.asm
                     DDRD   0x000f95       data     extern E:\3.46\pic18-lt\cxx-framework\src\traditional\proc\p18f452.asm
                 DDRDbits   0x000f95       data     extern E:\3.46\pic18-lt\cxx-framework\src\traditional\proc\p18f452.asm
                     DDRE   0x000f96       data     extern E:\3.46\pic18-lt\cxx-framework\src\traditional\proc\p18f452.asm
                 DDREbits   0x000f96       data     extern E:\3.46\pic18-lt\cxx-framework\src\traditional\proc\p18f452.asm
            DelayCounter1   0x000035       data     extern E:\3.46\pic18-lt\cxx-framework\src\traditional\delays\delayd1.asm
            DelayCounter2   0x000034       data     extern E:\3.46\pic18-lt\cxx-framework\src\traditional\delays\delayd2.asm
                    EEADR   0x000fa9       data     extern E:\3.46\pic18-lt\cxx-framework\src\traditional\proc\p18f452.asm
                   EECON1   0x000fa6       data     extern E:\3.46\pic18-lt\cxx-framework\src\traditional\proc\p18f452.asm
               EECON1bits   0x000fa6       data     extern E:\3.46\pic18-lt\cxx-framework\src\traditional\proc\p18f452.asm
                   EECON2   0x000fa7       data     extern E:\3.46\pic18-lt\cxx-framework\src\traditional\proc\p18f452.asm
                   EEDATA   0x000fa8       data     extern E:\3.46\pic18-lt\cxx-framework\src\traditional\proc\p18f452.asm
                     FSR0   0x000fe9       data     extern E:\3.46\pic18-lt\cxx-framework\src\traditional\proc\p18f452.asm
                    FSR0H   0x000fea       data     extern E:\3.46\pic18-lt\cxx-framework\src\traditional\proc\p18f452.asm
                    FSR0L   0x000fe9       data     extern E:\3.46\pic18-lt\cxx-framework\src\traditional\proc\p18f452.asm
                     FSR1   0x000fe1       data     extern E:\3.46\pic18-lt\cxx-framework\src\traditional\proc\p18f452.asm
                    FSR1H   0x000fe2       data     extern E:\3.46\pic18-lt\cxx-framework\src\traditional\proc\p18f452.asm
                    FSR1L   0x000fe1       data     extern E:\3.46\pic18-lt\cxx-framework\src\traditional\proc\p18f452.asm
                     FSR2   0x000fd9       data     extern E:\3.46\pic18-lt\cxx-framework\src\traditional\proc\p18f452.asm
                    FSR2H   0x000fda       data     extern E:\3.46\pic18-lt\cxx-framework\src\traditional\proc\p18f452.asm
                    FSR2L   0x000fd9       data     extern E:\3.46\pic18-lt\cxx-framework\src\traditional\proc\p18f452.asm
                    INDF0   0x000fef       data     extern E:\3.46\pic18-lt\cxx-framework\src\traditional\proc\p18f452.asm
                    INDF1   0x000fe7       data     extern E:\3.46\pic18-lt\cxx-framework\src\traditional\proc\p18f452.asm
                    INDF2   0x000fdf       data     extern E:\3.46\pic18-lt\cxx-framework\src\traditional\proc\p18f452.asm
                   INTCON   0x000ff2       data     extern E:\3.46\pic18-lt\cxx-framework\src\traditional\proc\p18f452.asm
                  INTCON1   0x000ff2       data     extern E:\3.46\pic18-lt\cxx-framework\src\traditional\proc\p18f452.asm
              INTCON1bits   0x000ff2       data     extern E:\3.46\pic18-lt\cxx-framework\src\traditional\proc\p18f452.asm
                  INTCON2   0x000ff1       data     extern E:\3.46\pic18-lt\cxx-framework\src\traditional\proc\p18f452.asm
              INTCON2bits   0x000ff1       data     extern E:\3.46\pic18-lt\cxx-framework\src\traditional\proc\p18f452.asm
                  INTCON3   0x000ff0       data     extern E:\3.46\pic18-lt\cxx-framework\src\traditional\proc\p18f452.asm
              INTCON3bits   0x000ff0       data     extern E:\3.46\pic18-lt\cxx-framework\src\traditional\proc\p18f452.asm
               INTCONbits   0x000ff2       data     extern E:\3.46\pic18-lt\cxx-framework\src\traditional\proc\p18f452.asm
                     IPR1   0x000f9f       data     extern E:\3.46\pic18-lt\cxx-framework\src\traditional\proc\p18f452.asm
                 IPR1bits   0x000f9f       data     extern E:\3.46\pic18-lt\cxx-framework\src\traditional\proc\p18f452.asm
                     IPR2   0x000fa2       data     extern E:\3.46\pic18-lt\cxx-framework\src\traditional\proc\p18f452.asm
                 IPR2bits   0x000fa2       data     extern E:\3.46\pic18-lt\cxx-framework\src\traditional\proc\p18f452.asm
                     LATA   0x000f89       data     extern E:\3.46\pic18-lt\cxx-framework\src\traditional\proc\p18f452.asm
                 LATAbits   0x000f89       data     extern E:\3.46\pic18-lt\cxx-framework\src\traditional\proc\p18f452.asm
                     LATB   0x000f8a       data     extern E:\3.46\pic18-lt\cxx-framework\src\traditional\proc\p18f452.asm
                 LATBbits   0x000f8a       data     extern E:\3.46\pic18-lt\cxx-framework\src\traditional\proc\p18f452.asm
                     LATC   0x000f8b       data     extern E:\3.46\pic18-lt\cxx-framework\src\traditional\proc\p18f452.asm
                 LATCbits   0x000f8b       data     extern E:\3.46\pic18-lt\cxx-framework\src\traditional\proc\p18f452.asm
                     LATD   0x000f8c       data     extern E:\3.46\pic18-lt\cxx-framework\src\traditional\proc\p18f452.asm
                 LATDbits   0x000f8c       data     extern E:\3.46\pic18-lt\cxx-framework\src\traditional\proc\p18f452.asm
                     LATE   0x000f8d       data     extern E:\3.46\pic18-lt\cxx-framework\src\traditional\proc\p18f452.asm
                 LATEbits   0x000f8d       data     extern E:\3.46\pic18-lt\cxx-framework\src\traditional\proc\p18f452.asm
                   LVDCON   0x000fd2       data     extern E:\3.46\pic18-lt\cxx-framework\src\traditional\proc\p18f452.asm
               LVDCONbits   0x000fd2       data     extern E:\3.46\pic18-lt\cxx-framework\src\traditional\proc\p18f452.asm
                   OSCCON   0x000fd3       data     extern E:\3.46\pic18-lt\cxx-framework\src\traditional\proc\p18f452.asm
               OSCCONbits   0x000fd3       data     extern E:\3.46\pic18-lt\cxx-framework\src\traditional\proc\p18f452.asm
               OSCPUUsage   0x000110       data     extern C:\Users\caleb\MPLABXProjects\TempSense.X\ucos_ii.h
               OSCtxSwCtr   0x0000b0       data     extern C:\Users\caleb\MPLABXProjects\TempSense.X\ucos_ii.h
               OSDataSize   0x000481       data     extern C:\Users\caleb\MPLABXProjects\TempSense.X\os_dbg.c
                OSDebugEn   0x000411       data     extern C:\Users\caleb\MPLABXProjects\TempSense.X\os_dbg.c
         OSEndiannessTest   0x000413       data     extern C:\Users\caleb\MPLABXProjects\TempSense.X\os_dbg.c
                OSEventEn   0x000417       data     extern C:\Users\caleb\MPLABXProjects\TempSense.X\os_dbg.c
          OSEventFreeList   0x0000b4       data     extern C:\Users\caleb\MPLABXProjects\TempSense.X\ucos_ii.h
               OSEventMax   0x000419       data     extern C:\Users\caleb\MPLABXProjects\TempSense.X\os_dbg.c
           OSEventMultiEn   0x000421       data     extern C:\Users\caleb\MPLABXProjects\TempSense.X\os_dbg.c
            OSEventNameEn   0x00041b       data     extern C:\Users\caleb\MPLABXProjects\TempSense.X\os_dbg.c
              OSEventSize   0x00041d       data     extern C:\Users\caleb\MPLABXProjects\TempSense.X\os_dbg.c
               OSEventTbl   0x0000b6       data     extern C:\Users\caleb\MPLABXProjects\TempSense.X\ucos_ii.h
           OSEventTblSize   0x00041f       data     extern C:\Users\caleb\MPLABXProjects\TempSense.X\os_dbg.c
                 OSFlagEn   0x000423       data     extern C:\Users\caleb\MPLABXProjects\TempSense.X\os_dbg.c
            OSFlagGrpSize   0x000425       data     extern C:\Users\caleb\MPLABXProjects\TempSense.X\os_dbg.c
                OSFlagMax   0x00042b       data     extern C:\Users\caleb\MPLABXProjects\TempSense.X\os_dbg.c
             OSFlagNameEn   0x00042d       data     extern C:\Users\caleb\MPLABXProjects\TempSense.X\os_dbg.c
           OSFlagNodeSize   0x000427       data     extern C:\Users\caleb\MPLABXProjects\TempSense.X\os_dbg.c
              OSFlagWidth   0x000429       data     extern C:\Users\caleb\MPLABXProjects\TempSense.X\os_dbg.c
                OSIdleCtr   0x000186       data     extern C:\Users\caleb\MPLABXProjects\TempSense.X\ucos_ii.h
             OSIdleCtrMax   0x000111       data     extern C:\Users\caleb\MPLABXProjects\TempSense.X\ucos_ii.h
             OSIdleCtrRun   0x000115       data     extern C:\Users\caleb\MPLABXProjects\TempSense.X\ucos_ii.h
             OSIntNesting   0x00017e       data     extern C:\Users\caleb\MPLABXProjects\TempSense.X\ucos_ii.h
            OSLockNesting   0x00017f       data     extern C:\Users\caleb\MPLABXProjects\TempSense.X\ucos_ii.h
             OSLowestPrio   0x00042f       data     extern C:\Users\caleb\MPLABXProjects\TempSense.X\os_dbg.c
                 OSMboxEn   0x000431       data     extern C:\Users\caleb\MPLABXProjects\TempSense.X\os_dbg.c
                  OSMemEn   0x000433       data     extern C:\Users\caleb\MPLABXProjects\TempSense.X\os_dbg.c
                 OSMemMax   0x000435       data     extern C:\Users\caleb\MPLABXProjects\TempSense.X\os_dbg.c
              OSMemNameEn   0x000437       data     extern C:\Users\caleb\MPLABXProjects\TempSense.X\os_dbg.c
                OSMemSize   0x000439       data     extern C:\Users\caleb\MPLABXProjects\TempSense.X\os_dbg.c
             OSMemTblSize   0x00043b       data     extern C:\Users\caleb\MPLABXProjects\TempSense.X\os_dbg.c
                OSMutexEn   0x00043d       data     extern C:\Users\caleb\MPLABXProjects\TempSense.X\os_dbg.c
                OSPrioCur   0x000180       data     extern C:\Users\caleb\MPLABXProjects\TempSense.X\ucos_ii.h
            OSPrioHighRdy   0x000181       data     extern C:\Users\caleb\MPLABXProjects\TempSense.X\ucos_ii.h
                OSPtrSize   0x00043f       data     extern C:\Users\caleb\MPLABXProjects\TempSense.X\os_dbg.c
                    OSQEn   0x000441       data     extern C:\Users\caleb\MPLABXProjects\TempSense.X\os_dbg.c
                   OSQMax   0x000443       data     extern C:\Users\caleb\MPLABXProjects\TempSense.X\os_dbg.c
                  OSQSize   0x000445       data     extern C:\Users\caleb\MPLABXProjects\TempSense.X\os_dbg.c
                 OSRdyGrp   0x000182       data     extern C:\Users\caleb\MPLABXProjects\TempSense.X\ucos_ii.h
                 OSRdyTbl   0x000183       data     extern C:\Users\caleb\MPLABXProjects\TempSense.X\ucos_ii.h
             OSRdyTblSize   0x000447       data     extern C:\Users\caleb\MPLABXProjects\TempSense.X\os_dbg.c
                OSRunning   0x000184       data     extern C:\Users\caleb\MPLABXProjects\TempSense.X\ucos_ii.h
                  OSSemEn   0x000449       data     extern C:\Users\caleb\MPLABXProjects\TempSense.X\os_dbg.c
                OSStatRdy   0x000119       data     extern C:\Users\caleb\MPLABXProjects\TempSense.X\ucos_ii.h
               OSStkWidth   0x00044b       data     extern C:\Users\caleb\MPLABXProjects\TempSense.X\os_dbg.c
                 OSTCBCur   0x0001ee       data     extern C:\Users\caleb\MPLABXProjects\TempSense.X\ucos_ii.h
            OSTCBFreeList   0x0001f0       data     extern C:\Users\caleb\MPLABXProjects\TempSense.X\ucos_ii.h
             OSTCBHighRdy   0x0001f2       data     extern C:\Users\caleb\MPLABXProjects\TempSense.X\ucos_ii.h
                OSTCBList   0x0001f4       data     extern C:\Users\caleb\MPLABXProjects\TempSense.X\ucos_ii.h
             OSTCBPrioTbl   0x0001f6       data     extern C:\Users\caleb\MPLABXProjects\TempSense.X\ucos_ii.h
          OSTCBPrioTblMax   0x000465       data     extern C:\Users\caleb\MPLABXProjects\TempSense.X\os_dbg.c
                OSTCBSize   0x000467       data     extern C:\Users\caleb\MPLABXProjects\TempSense.X\os_dbg.c
                 OSTCBTbl   0x000204       data     extern C:\Users\caleb\MPLABXProjects\TempSense.X\ucos_ii.h
           OSTaskCreateEn   0x00044d       data     extern C:\Users\caleb\MPLABXProjects\TempSense.X\os_dbg.c
        OSTaskCreateExtEn   0x00044f       data     extern C:\Users\caleb\MPLABXProjects\TempSense.X\os_dbg.c
                OSTaskCtr   0x000185       data     extern C:\Users\caleb\MPLABXProjects\TempSense.X\ucos_ii.h
              OSTaskDelEn   0x000451       data     extern C:\Users\caleb\MPLABXProjects\TempSense.X\os_dbg.c
            OSTaskIdleStk   0x00018a       data     extern C:\Users\caleb\MPLABXProjects\TempSense.X\ucos_ii.h
        OSTaskIdleStkSize   0x000453       data     extern C:\Users\caleb\MPLABXProjects\TempSense.X\os_dbg.c
                OSTaskMax   0x000457       data     extern C:\Users\caleb\MPLABXProjects\TempSense.X\os_dbg.c
             OSTaskNameEn   0x000459       data     extern C:\Users\caleb\MPLABXProjects\TempSense.X\os_dbg.c
          OSTaskProfileEn   0x000455       data     extern C:\Users\caleb\MPLABXProjects\TempSense.X\os_dbg.c
         OSTaskRegTblSize   0x000463       data     extern C:\Users\caleb\MPLABXProjects\TempSense.X\os_dbg.c
             OSTaskStatEn   0x00045b       data     extern C:\Users\caleb\MPLABXProjects\TempSense.X\os_dbg.c
            OSTaskStatStk   0x00011a       data     extern C:\Users\caleb\MPLABXProjects\TempSense.X\ucos_ii.h
       OSTaskStatStkChkEn   0x00045f       data     extern C:\Users\caleb\MPLABXProjects\TempSense.X\os_dbg.c
        OSTaskStatStkSize   0x00045d       data     extern C:\Users\caleb\MPLABXProjects\TempSense.X\os_dbg.c
           OSTaskSwHookEn   0x000461       data     extern C:\Users\caleb\MPLABXProjects\TempSense.X\os_dbg.c
          OSTickStepState   0x00030c       data     extern C:\Users\caleb\MPLABXProjects\TempSense.X\ucos_ii.h
            OSTicksPerSec   0x000469       data     extern C:\Users\caleb\MPLABXProjects\TempSense.X\os_dbg.c
                   OSTime   0x00030d       data     extern C:\Users\caleb\MPLABXProjects\TempSense.X\ucos_ii.h
         OSTimeTickHookEn   0x00046b       data     extern C:\Users\caleb\MPLABXProjects\TempSense.X\os_dbg.c
              OSTmrCfgMax   0x000471       data     extern C:\Users\caleb\MPLABXProjects\TempSense.X\os_dbg.c
           OSTmrCfgNameEn   0x000473       data     extern C:\Users\caleb\MPLABXProjects\TempSense.X\os_dbg.c
      OSTmrCfgTicksPerSec   0x000477       data     extern C:\Users\caleb\MPLABXProjects\TempSense.X\os_dbg.c
        OSTmrCfgWheelSize   0x000475       data     extern C:\Users\caleb\MPLABXProjects\TempSense.X\os_dbg.c
                  OSTmrEn   0x00046f       data     extern C:\Users\caleb\MPLABXProjects\TempSense.X\os_dbg.c
                OSTmrSize   0x000479       data     extern C:\Users\caleb\MPLABXProjects\TempSense.X\os_dbg.c
             OSTmrTblSize   0x00047b       data     extern C:\Users\caleb\MPLABXProjects\TempSense.X\os_dbg.c
           OSTmrWheelSize   0x00047d       data     extern C:\Users\caleb\MPLABXProjects\TempSense.X\os_dbg.c
        OSTmrWheelTblSize   0x00047f       data     extern C:\Users\caleb\MPLABXProjects\TempSense.X\os_dbg.c
               OSUnMapTbl   0x000311       data     extern C:\Users\caleb\MPLABXProjects\TempSense.X\os_core.c
             OSVersionNbr   0x00046d       data     extern C:\Users\caleb\MPLABXProjects\TempSense.X\os_dbg.c
                       PC   0x000ff9       data     extern E:\3.46\pic18-lt\cxx-framework\src\traditional\proc\p18f452.asm
                      PCL   0x000ff9       data     extern E:\3.46\pic18-lt\cxx-framework\src\traditional\proc\p18f452.asm
                   PCLATH   0x000ffa       data     extern E:\3.46\pic18-lt\cxx-framework\src\traditional\proc\p18f452.asm
                   PCLATU   0x000ffb       data     extern E:\3.46\pic18-lt\cxx-framework\src\traditional\proc\p18f452.asm
                     PIE1   0x000f9d       data     extern E:\3.46\pic18-lt\cxx-framework\src\traditional\proc\p18f452.asm
                 PIE1bits   0x000f9d       data     extern E:\3.46\pic18-lt\cxx-framework\src\traditional\proc\p18f452.asm
                     PIE2   0x000fa0       data     extern E:\3.46\pic18-lt\cxx-framework\src\traditional\proc\p18f452.asm
                 PIE2bits   0x000fa0       data     extern E:\3.46\pic18-lt\cxx-framework\src\traditional\proc\p18f452.asm
                     PIR1   0x000f9e       data     extern E:\3.46\pic18-lt\cxx-framework\src\traditional\proc\p18f452.asm
                 PIR1bits   0x000f9e       data     extern E:\3.46\pic18-lt\cxx-framework\src\traditional\proc\p18f452.asm
                     PIR2   0x000fa1       data     extern E:\3.46\pic18-lt\cxx-framework\src\traditional\proc\p18f452.asm
                 PIR2bits   0x000fa1       data     extern E:\3.46\pic18-lt\cxx-framework\src\traditional\proc\p18f452.asm
                   PLUSW0   0x000feb       data     extern E:\3.46\pic18-lt\cxx-framework\src\traditional\proc\p18f452.asm
                   PLUSW1   0x000fe3       data     extern E:\3.46\pic18-lt\cxx-framework\src\traditional\proc\p18f452.asm
                   PLUSW2   0x000fdb       data     extern E:\3.46\pic18-lt\cxx-framework\src\traditional\proc\p18f452.asm
                    PORTA   0x000f80       data     extern E:\3.46\pic18-lt\cxx-framework\src\traditional\proc\p18f452.asm
                PORTAbits   0x000f80       data     extern E:\3.46\pic18-lt\cxx-framework\src\traditional\proc\p18f452.asm
                    PORTB   0x000f81       data     extern E:\3.46\pic18-lt\cxx-framework\src\traditional\proc\p18f452.asm
                PORTBbits   0x000f81       data     extern E:\3.46\pic18-lt\cxx-framework\src\traditional\proc\p18f452.asm
                    PORTC   0x000f82       data     extern E:\3.46\pic18-lt\cxx-framework\src\traditional\proc\p18f452.asm
                PORTCbits   0x000f82       data     extern E:\3.46\pic18-lt\cxx-framework\src\traditional\proc\p18f452.asm
                    PORTD   0x000f83       data     extern E:\3.46\pic18-lt\cxx-framework\src\traditional\proc\p18f452.asm
                PORTDbits   0x000f83       data     extern E:\3.46\pic18-lt\cxx-framework\src\traditional\proc\p18f452.asm
                    PORTE   0x000f84       data     extern E:\3.46\pic18-lt\cxx-framework\src\traditional\proc\p18f452.asm
                PORTEbits   0x000f84       data     extern E:\3.46\pic18-lt\cxx-framework\src\traditional\proc\p18f452.asm
                 POSTDEC0   0x000fed       data     extern E:\3.46\pic18-lt\cxx-framework\src\traditional\proc\p18f452.asm
                 POSTDEC1   0x000fe5       data     extern E:\3.46\pic18-lt\cxx-framework\src\traditional\proc\p18f452.asm
                 POSTDEC2   0x000fdd       data     extern E:\3.46\pic18-lt\cxx-framework\src\traditional\proc\p18f452.asm
                 POSTINC0   0x000fee       data     extern E:\3.46\pic18-lt\cxx-framework\src\traditional\proc\p18f452.asm
                 POSTINC1   0x000fe6       data     extern E:\3.46\pic18-lt\cxx-framework\src\traditional\proc\p18f452.asm
                 POSTINC2   0x000fde       data     extern E:\3.46\pic18-lt\cxx-framework\src\traditional\proc\p18f452.asm
                      PR2   0x000fcb       data     extern E:\3.46\pic18-lt\cxx-framework\src\traditional\proc\p18f452.asm
                  PREINC0   0x000fec       data     extern E:\3.46\pic18-lt\cxx-framework\src\traditional\proc\p18f452.asm
                  PREINC1   0x000fe4       data     extern E:\3.46\pic18-lt\cxx-framework\src\traditional\proc\p18f452.asm
                  PREINC2   0x000fdc       data     extern E:\3.46\pic18-lt\cxx-framework\src\traditional\proc\p18f452.asm
                     PROD   0x000ff3       data     extern E:\3.46\pic18-lt\cxx-framework\src\traditional\proc\p18f452.asm
[...]
                PORTDbits   0x000f83       data     extern E:\3.46\pic18-lt\cxx-framework\src\traditional\proc\p18f452.asm
                    PORTE   0x000f84       data     extern E:\3.46\pic18-lt\cxx-framework\src\traditional\proc\p18f452.asm
                PORTEbits   0x000f84       data     extern E:\3.46\pic18-lt\cxx-framework\src\traditional\proc\p18f452.asm
                     LATA   0x000f89       data     extern E:\3.46\pic18-lt\cxx-framework\src\traditional\proc\p18f452.asm
                 LATAbits   0x000f89       data     extern E:\3.46\pic18-lt\cxx-framework\src\traditional\proc\p18f452.asm
                     LATB   0x000f8a       data     extern E:\3.46\pic18-lt\cxx-framework\src\traditional\proc\p18f452.asm
                 LATBbits   0x000f8a       data     extern E:\3.46\pic18-lt\cxx-framework\src\traditional\proc\p18f452.asm
                     LATC   0x000f8b       data     extern E:\3.46\pic18-lt\cxx-framework\src\traditional\proc\p18f452.asm
                 LATCbits   0x000f8b       data     extern E:\3.46\pic18-lt\cxx-framework\src\traditional\proc\p18f452.asm
                     LATD   0x000f8c       data     extern E:\3.46\pic18-lt\cxx-framework\src\traditional\proc\p18f452.asm
                 LATDbits   0x000f8c       data     extern E:\3.46\pic18-lt\cxx-framework\src\traditional\proc\p18f452.asm
                     LATE   0x000f8d       data     extern E:\3.46\pic18-lt\cxx-framework\src\traditional\proc\p18f452.asm
                 LATEbits   0x000f8d       data     extern E:\3.46\pic18-lt\cxx-framework\src\traditional\proc\p18f452.asm
                     DDRA   0x000f92       data     extern E:\3.46\pic18-lt\cxx-framework\src\traditional\proc\p18f452.asm
                 DDRAbits   0x000f92       data     extern E:\3.46\pic18-lt\cxx-framework\src\traditional\proc\p18f452.asm
                TRISAbits   0x000f92       data     extern E:\3.46\pic18-lt\cxx-framework\src\traditional\proc\p18f452.asm
                    TRISA   0x000f92       data     extern E:\3.46\pic18-lt\cxx-framework\src\traditional\proc\p18f452.asm
                    TRISB   0x000f93       data     extern E:\3.46\pic18-lt\cxx-framework\src\traditional\proc\p18f452.asm
                TRISBbits   0x000f93       data     extern E:\3.46\pic18-lt\cxx-framework\src\traditional\proc\p18f452.asm
                 DDRBbits   0x000f93       data     extern E:\3.46\pic18-lt\cxx-framework\src\traditional\proc\p18f452.asm
                     DDRB   0x000f93       data     extern E:\3.46\pic18-lt\cxx-framework\src\traditional\proc\p18f452.asm
                 DDRCbits   0x000f94       data     extern E:\3.46\pic18-lt\cxx-framework\src\traditional\proc\p18f452.asm
                    TRISC   0x000f94       data     extern E:\3.46\pic18-lt\cxx-framework\src\traditional\proc\p18f452.asm
                     DDRC   0x000f94       data     extern E:\3.46\pic18-lt\cxx-framework\src\traditional\proc\p18f452.asm
                TRISCbits   0x000f94       data     extern E:\3.46\pic18-lt\cxx-framework\src\traditional\proc\p18f452.asm
                     DDRD   0x000f95       data     extern E:\3.46\pic18-lt\cxx-framework\src\traditional\proc\p18f452.asm
                 DDRDbits   0x000f95       data     extern E:\3.46\pic18-lt\cxx-framework\src\traditional\proc\p18f452.asm
                TRISDbits   0x000f95       data     extern E:\3.46\pic18-lt\cxx-framework\src\traditional\proc\p18f452.asm
                    TRISD   0x000f95       data     extern E:\3.46\pic18-lt\cxx-framework\src\traditional\proc\p18f452.asm
                 DDREbits   0x000f96       data     extern E:\3.46\pic18-lt\cxx-framework\src\traditional\proc\p18f452.asm
                     DDRE   0x000f96       data     extern E:\3.46\pic18-lt\cxx-framework\src\traditional\proc\p18f452.asm
                    TRISE   0x000f96       data     extern E:\3.46\pic18-lt\cxx-framework\src\traditional\proc\p18f452.asm
                TRISEbits   0x000f96       data     extern E:\3.46\pic18-lt\cxx-framework\src\traditional\proc\p18f452.asm
                 PIE1bits   0x000f9d       data     extern E:\3.46\pic18-lt\cxx-framework\src\traditional\proc\p18f452.asm
                     PIE1   0x000f9d       data     extern E:\3.46\pic18-lt\cxx-framework\src\traditional\proc\p18f452.asm
                 PIR1bits   0x000f9e       data     extern E:\3.46\pic18-lt\cxx-framework\src\traditional\proc\p18f452.asm
                     PIR1   0x000f9e       data     extern E:\3.46\pic18-lt\cxx-framework\src\traditional\proc\p18f452.asm
                 IPR1bits   0x000f9f       data     extern E:\3.46\pic18-lt\cxx-framework\src\traditional\proc\p18f452.asm
                     IPR1   0x000f9f       data     extern E:\3.46\pic18-lt\cxx-framework\src\traditional\proc\p18f452.asm
                 PIE2bits   0x000fa0       data     extern E:\3.46\pic18-lt\cxx-framework\src\traditional\proc\p18f452.asm
                     PIE2   0x000fa0       data     extern E:\3.46\pic18-lt\cxx-framework\src\traditional\proc\p18f452.asm
                 PIR2bits   0x000fa1       data     extern E:\3.46\pic18-lt\cxx-framework\src\traditional\proc\p18f452.asm
                     PIR2   0x000fa1       data     extern E:\3.46\pic18-lt\cxx-framework\src\traditional\proc\p18f452.asm
                     IPR2   0x000fa2       data     extern E:\3.46\pic18-lt\cxx-framework\src\traditional\proc\p18f452.asm
                 IPR2bits   0x000fa2       data     extern E:\3.46\pic18-lt\cxx-framework\src\traditional\proc\p18f452.asm
                   EECON1   0x000fa6       data     extern E:\3.46\pic18-lt\cxx-framework\src\traditional\proc\p18f452.asm
               EECON1bits   0x000fa6       data     extern E:\3.46\pic18-lt\cxx-framework\src\traditional\proc\p18f452.asm
                   EECON2   0x000fa7       data     extern E:\3.46\pic18-lt\cxx-framework\src\traditional\proc\p18f452.asm
                   EEDATA   0x000fa8       data     extern E:\3.46\pic18-lt\cxx-framework\src\traditional\proc\p18f452.asm
                    EEADR   0x000fa9       data     extern E:\3.46\pic18-lt\cxx-framework\src\traditional\proc\p18f452.asm
                RCSTAbits   0x000fab       data     extern E:\3.46\pic18-lt\cxx-framework\src\traditional\proc\p18f452.asm
                    RCSTA   0x000fab       data     extern E:\3.46\pic18-lt\cxx-framework\src\traditional\proc\p18f452.asm
                TXSTAbits   0x000fac       data     extern E:\3.46\pic18-lt\cxx-framework\src\traditional\proc\p18f452.asm
                    TXSTA   0x000fac       data     extern E:\3.46\pic18-lt\cxx-framework\src\traditional\proc\p18f452.asm
                    TXREG   0x000fad       data     extern E:\3.46\pic18-lt\cxx-framework\src\traditional\proc\p18f452.asm
                    RCREG   0x000fae       data     extern E:\3.46\pic18-lt\cxx-framework\src\traditional\proc\p18f452.asm
                    SPBRG   0x000faf       data     extern E:\3.46\pic18-lt\cxx-framework\src\traditional\proc\p18f452.asm
                    T3CON   0x000fb1       data     extern E:\3.46\pic18-lt\cxx-framework\src\traditional\proc\p18f452.asm
                T3CONbits   0x000fb1       data     extern E:\3.46\pic18-lt\cxx-framework\src\traditional\proc\p18f452.asm
                    TMR3L   0x000fb2       data     extern E:\3.46\pic18-lt\cxx-framework\src\traditional\proc\p18f452.asm
                    TMR3H   0x000fb3       data     extern E:\3.46\pic18-lt\cxx-framework\src\traditional\proc\p18f452.asm
              CCP2CONbits   0x000fba       data     extern E:\3.46\pic18-lt\cxx-framework\src\traditional\proc\p18f452.asm
                  CCP2CON   0x000fba       data     extern E:\3.46\pic18-lt\cxx-framework\src\traditional\proc\p18f452.asm
                    CCPR2   0x000fbb       data     extern E:\3.46\pic18-lt\cxx-framework\src\traditional\proc\p18f452.asm
                   CCPR2L   0x000fbb       data     extern E:\3.46\pic18-lt\cxx-framework\src\traditional\proc\p18f452.asm
                   CCPR2H   0x000fbc       data     extern E:\3.46\pic18-lt\cxx-framework\src\traditional\proc\p18f452.asm
                  CCP1CON   0x000fbd       data     extern E:\3.46\pic18-lt\cxx-framework\src\traditional\proc\p18f452.asm
              CCP1CONbits   0x000fbd       data     extern E:\3.46\pic18-lt\cxx-framework\src\traditional\proc\p18f452.asm
                   CCPR1L   0x000fbe       data     extern E:\3.46\pic18-lt\cxx-framework\src\traditional\proc\p18f452.asm
                    CCPR1   0x000fbe       data     extern E:\3.46\pic18-lt\cxx-framework\src\traditional\proc\p18f452.asm
                   CCPR1H   0x000fbf       data     extern E:\3.46\pic18-lt\cxx-framework\src\traditional\proc\p18f452.asm
               ADCON1bits   0x000fc1       data     extern E:\3.46\pic18-lt\cxx-framework\src\traditional\proc\p18f452.asm
                   ADCON1   0x000fc1       data     extern E:\3.46\pic18-lt\cxx-framework\src\traditional\proc\p18f452.asm
                   ADCON0   0x000fc2       data     extern E:\3.46\pic18-lt\cxx-framework\src\traditional\proc\p18f452.asm
               ADCON0bits   0x000fc2       data     extern E:\3.46\pic18-lt\cxx-framework\src\traditional\proc\p18f452.asm
                   ADRESL   0x000fc3       data     extern E:\3.46\pic18-lt\cxx-framework\src\traditional\proc\p18f452.asm
                    ADRES   0x000fc3       data     extern E:\3.46\pic18-lt\cxx-framework\src\traditional\proc\p18f452.asm
                   ADRESH   0x000fc4       data     extern E:\3.46\pic18-lt\cxx-framework\src\traditional\proc\p18f452.asm
              SSPCON2bits   0x000fc5       data     extern E:\3.46\pic18-lt\cxx-framework\src\traditional\proc\p18f452.asm
                  SSPCON2   0x000fc5       data     extern E:\3.46\pic18-lt\cxx-framework\src\traditional\proc\p18f452.asm
                  SSPCON1   0x000fc6       data     extern E:\3.46\pic18-lt\cxx-framework\src\traditional\proc\p18f452.asm
              SSPCON1bits   0x000fc6       data     extern E:\3.46\pic18-lt\cxx-framework\src\traditional\proc\p18f452.asm
              SSPSTATbits   0x000fc7       data     extern E:\3.46\pic18-lt\cxx-framework\src\traditional\proc\p18f452.asm
                  SSPSTAT   0x000fc7       data     extern E:\3.46\pic18-lt\cxx-framework\src\traditional\proc\p18f452.asm
                   SSPADD   0x000fc8       data     extern E:\3.46\pic18-lt\cxx-framework\src\traditional\proc\p18f452.asm
                   SSPBUF   0x000fc9       data     extern E:\3.46\pic18-lt\cxx-framework\src\traditional\proc\p18f452.asm
                T2CONbits   0x000fca       data     extern E:\3.46\pic18-lt\cxx-framework\src\traditional\proc\p18f452.asm
                    T2CON   0x000fca       data     extern E:\3.46\pic18-lt\cxx-framework\src\traditional\proc\p18f452.asm
                      PR2   0x000fcb       data     extern E:\3.46\pic18-lt\cxx-framework\src\traditional\proc\p18f452.asm
                     TMR2   0x000fcc       data     extern E:\3.46\pic18-lt\cxx-framework\src\traditional\proc\p18f452.asm
                T1CONbits   0x000fcd       data     extern E:\3.46\pic18-lt\cxx-framework\src\traditional\proc\p18f452.asm
                    T1CON   0x000fcd       data     extern E:\3.46\pic18-lt\cxx-framework\src\traditional\proc\p18f452.asm
                    TMR1L   0x000fce       data     extern E:\3.46\pic18-lt\cxx-framework\src\traditional\proc\p18f452.asm
                    TMR1H   0x000fcf       data     extern E:\3.46\pic18-lt\cxx-framework\src\traditional\proc\p18f452.asm
                 RCONbits   0x000fd0       data     extern E:\3.46\pic18-lt\cxx-framework\src\traditional\proc\p18f452.asm
                     RCON   0x000fd0       data     extern E:\3.46\pic18-lt\cxx-framework\src\traditional\proc\p18f452.asm
                   WDTCON   0x000fd1       data     extern E:\3.46\pic18-lt\cxx-framework\src\traditional\proc\p18f452.asm
               WDTCONbits   0x000fd1       data     extern E:\3.46\pic18-lt\cxx-framework\src\traditional\proc\p18f452.asm
                   LVDCON   0x000fd2       data     extern E:\3.46\pic18-lt\cxx-framework\src\traditional\proc\p18f452.asm
               LVDCONbits   0x000fd2       data     extern E:\3.46\pic18-lt\cxx-framework\src\traditional\proc\p18f452.asm
               OSCCONbits   0x000fd3       data     extern E:\3.46\pic18-lt\cxx-framework\src\traditional\proc\p18f452.asm
                   OSCCON   0x000fd3       data     extern E:\3.46\pic18-lt\cxx-framework\src\traditional\proc\p18f452.asm
                    T0CON   0x000fd5       data     extern E:\3.46\pic18-lt\cxx-framework\src\traditional\proc\p18f452.asm
                T0CONbits   0x000fd5       data     extern E:\3.46\pic18-lt\cxx-framework\src\traditional\proc\p18f452.asm
                    TMR0L   0x000fd6       data     extern E:\3.46\pic18-lt\cxx-framework\src\traditional\proc\p18f452.asm
                    TMR0H   0x000fd7       data     extern E:\3.46\pic18-lt\cxx-framework\src\traditional\proc\p18f452.asm
                   STATUS   0x000fd8       data     extern E:\3.46\pic18-lt\cxx-framework\src\traditional\proc\p18f452.asm
               STATUSbits   0x000fd8       data     extern E:\3.46\pic18-lt\cxx-framework\src\traditional\proc\p18f452.asm
                     FSR2   0x000fd9       data     extern E:\3.46\pic18-lt\cxx-framework\src\traditional\proc\p18f452.asm
                    FSR2L   0x000fd9       data     extern E:\3.46\pic18-lt\cxx-framework\src\traditional\proc\p18f452.asm
                    FSR2H   0x000fda       data     extern E:\3.46\pic18-lt\cxx-framework\src\traditional\proc\p18f452.asm
                   PLUSW2   0x000fdb       data     extern E:\3.46\pic18-lt\cxx-framework\src\traditional\proc\p18f452.asm
                  PREINC2   0x000fdc       data     extern E:\3.46\pic18-lt\cxx-framework\src\traditional\proc\p18f452.asm
                 POSTDEC2   0x000fdd       data     extern E:\3.46\pic18-lt\cxx-framework\src\traditional\proc\p18f452.asm
                 POSTINC2   0x000fde       data     extern E:\3.46\pic18-lt\cxx-framework\src\traditional\proc\p18f452.asm
                    INDF2   0x000fdf       data     extern E:\3.46\pic18-lt\cxx-framework\src\traditional\proc\p18f452.asm
                      BSR   0x000fe0       data     extern E:\3.46\pic18-lt\cxx-framework\src\traditional\proc\p18f452.asm
                    FSR1L   0x000fe1       data     extern E:\3.46\pic18-lt\cxx-framework\src\traditional\proc\p18f452.asm
                     FSR1   0x000fe1       data     extern E:\3.46\pic18-lt\cxx-framework\src\traditional\proc\p18f452.asm
                    FSR1H   0x000fe2       data     extern E:\3.46\pic18-lt\cxx-framework\src\traditional\proc\p18f452.asm
                   PLUSW1   0x000fe3       data     extern E:\3.46\pic18-lt\cxx-framework\src\traditional\proc\p18f452.asm
                  PREINC1   0x000fe4       data     extern E:\3.46\pic18-lt\cxx-framework\src\traditional\proc\p18f452.asm
                 POSTDEC1   0x000fe5       data     extern E:\3.46\pic18-lt\cxx-framework\src\traditional\proc\p18f452.asm
                 POSTINC1   0x000fe6       data     extern E:\3.46\pic18-lt\cxx-framework\src\traditional\proc\p18f452.asm
                    INDF1   0x000fe7       data     extern E:\3.46\pic18-lt\cxx-framework\src\traditional\proc\p18f452.asm
                     WREG   0x000fe8       data     extern E:\3.46\pic18-lt\cxx-framework\src\traditional\proc\p18f452.asm
                        W   0x000fe8       data     extern E:\3.46\pic18-lt\cxx-framework\src\traditional\proc\p18f452.asm
                     FSR0   0x000fe9       data     extern E:\3.46\pic18-lt\cxx-framework\src\traditional\proc\p18f452.asm
                    FSR0L   0x000fe9       data     extern E:\3.46\pic18-lt\cxx-framework\src\traditional\proc\p18f452.asm
                    FSR0H   0x000fea       data     extern E:\3.46\pic18-lt\cxx-framework\src\traditional\proc\p18f452.asm
                   PLUSW0   0x000feb       data     extern E:\3.46\pic18-lt\cxx-framework\src\traditional\proc\p18f452.asm
                  PREINC0   0x000fec       data     extern E:\3.46\pic18-lt\cxx-framework\src\traditional\proc\p18f452.asm
                 POSTDEC0   0x000fed       data     extern E:\3.46\pic18-lt\cxx-framework\src\traditional\proc\p18f452.asm
                 POSTINC0   0x000fee       data     extern E:\3.46\pic18-lt\cxx-framework\src\traditional\proc\p18f452.asm
                    INDF0   0x000fef       data     extern E:\3.46\pic18-lt\cxx-framework\src\traditional\proc\p18f452.asm
                  INTCON3   0x000ff0       data     extern E:\3.46\pic18-lt\cxx-framework\src\traditional\proc\p18f452.asm
              INTCON3bits   0x000ff0       data     extern E:\3.46\pic18-lt\cxx-framework\src\traditional\proc\p18f452.asm
              INTCON2bits   0x000ff1       data     extern E:\3.46\pic18-lt\cxx-framework\src\traditional\proc\p18f452.asm
                  INTCON2   0x000ff1       data     extern E:\3.46\pic18-lt\cxx-framework\src\traditional\proc\p18f452.asm
                   INTCON   0x000ff2       data     extern E:\3.46\pic18-lt\cxx-framework\src\traditional\proc\p18f452.asm
                  INTCON1   0x000ff2       data     extern E:\3.46\pic18-lt\cxx-framework\src\traditional\proc\p18f452.asm
              INTCON1bits   0x000ff2       data     extern E:\3.46\pic18-lt\cxx-framework\src\traditional\proc\p18f452.asm
               INTCONbits   0x000ff2       data     extern E:\3.46\pic18-lt\cxx-framework\src\traditional\proc\p18f452.asm
                     PROD   0x000ff3       data     extern E:\3.46\pic18-lt\cxx-framework\src\traditional\proc\p18f452.asm
                    PRODL   0x000ff3       data     extern E:\3.46\pic18-lt\cxx-framework\src\traditional\proc\p18f452.asm
                    PRODH   0x000ff4       data     extern E:\3.46\pic18-lt\cxx-framework\src\traditional\proc\p18f452.asm
                   TABLAT   0x000ff5       data     extern E:\3.46\pic18-lt\cxx-framework\src\traditional\proc\p18f452.asm
                  TBLPTRL   0x000ff6       data     extern E:\3.46\pic18-lt\cxx-framework\src\traditional\proc\p18f452.asm
                   TBLPTR   0x000ff6       data     extern E:\3.46\pic18-lt\cxx-framework\src\traditional\proc\p18f452.asm
                  TBLPTRH   0x000ff7       data     extern E:\3.46\pic18-lt\cxx-framework\src\traditional\proc\p18f452.asm
                  TBLPTRU   0x000ff8       data     extern E:\3.46\pic18-lt\cxx-framework\src\traditional\proc\p18f452.asm
                      PCL   0x000ff9       data     extern E:\3.46\pic18-lt\cxx-framework\src\traditional\proc\p18f452.asm
                       PC   0x000ff9       data     extern E:\3.46\pic18-lt\cxx-framework\src\traditional\proc\p18f452.asm
                   PCLATH   0x000ffa       data     extern E:\3.46\pic18-lt\cxx-framework\src\traditional\proc\p18f452.asm
                   PCLATU   0x000ffb       data     extern E:\3.46\pic18-lt\cxx-framework\src\traditional\proc\p18f452.asm
               STKPTRbits   0x000ffc       data     extern E:\3.46\pic18-lt\cxx-framework\src\traditional\proc\p18f452.asm
                   STKPTR   0x000ffc       data     extern E:\3.46\pic18-lt\cxx-framework\src\traditional\proc\p18f452.asm
                      TOS   0x000ffd       data     extern E:\3.46\pic18-lt\cxx-framework\src\traditional\proc\p18f452.asm
                     TOSL   0x000ffd       data     extern E:\3.46\pic18-lt\cxx-framework\src\traditional\proc\p18f452.asm
                     TOSH   0x000ffe       data     extern E:\3.46\pic18-lt\cxx-framework\src\traditional\proc\p18f452.asm
                     TOSU   0x000fff       data     extern E:\3.46\pic18-lt\cxx-framework\src\traditional\proc\p18f452.asm


